Archive member included to satisfy reference by file (symbol)

c:/st/stm32cubeide_1.6.1/stm32cubeide/plugins/com.st.stm32cube.ide.mcu.externaltools.gnu-tools-for-stm32.9-2020-q2-update.win32_2.0.0.202105311346/tools/bin/../lib/gcc/arm-none-eabi/9.3.1/../../../../arm-none-eabi/lib/thumb/v7e-m+dp/hard\libc_nano.a(lib_a-errno.o)
                              ./Core/Src/retarget.o (__errno)
c:/st/stm32cubeide_1.6.1/stm32cubeide/plugins/com.st.stm32cube.ide.mcu.externaltools.gnu-tools-for-stm32.9-2020-q2-update.win32_2.0.0.202105311346/tools/bin/../lib/gcc/arm-none-eabi/9.3.1/../../../../arm-none-eabi/lib/thumb/v7e-m+dp/hard\libc_nano.a(lib_a-exit.o)
                              c:/st/stm32cubeide_1.6.1/stm32cubeide/plugins/com.st.stm32cube.ide.mcu.externaltools.gnu-tools-for-stm32.9-2020-q2-update.win32_2.0.0.202105311346/tools/bin/../lib/gcc/arm-none-eabi/9.3.1/../../../../arm-none-eabi/lib/thumb/v7e-m+dp/hard/crt0.o (exit)
c:/st/stm32cubeide_1.6.1/stm32cubeide/plugins/com.st.stm32cube.ide.mcu.externaltools.gnu-tools-for-stm32.9-2020-q2-update.win32_2.0.0.202105311346/tools/bin/../lib/gcc/arm-none-eabi/9.3.1/../../../../arm-none-eabi/lib/thumb/v7e-m+dp/hard\libc_nano.a(lib_a-impure.o)
                              c:/st/stm32cubeide_1.6.1/stm32cubeide/plugins/com.st.stm32cube.ide.mcu.externaltools.gnu-tools-for-stm32.9-2020-q2-update.win32_2.0.0.202105311346/tools/bin/../lib/gcc/arm-none-eabi/9.3.1/../../../../arm-none-eabi/lib/thumb/v7e-m+dp/hard\libc_nano.a(lib_a-exit.o) (_global_impure_ptr)
c:/st/stm32cubeide_1.6.1/stm32cubeide/plugins/com.st.stm32cube.ide.mcu.externaltools.gnu-tools-for-stm32.9-2020-q2-update.win32_2.0.0.202105311346/tools/bin/../lib/gcc/arm-none-eabi/9.3.1/../../../../arm-none-eabi/lib/thumb/v7e-m+dp/hard\libc_nano.a(lib_a-init.o)
                              c:/st/stm32cubeide_1.6.1/stm32cubeide/plugins/com.st.stm32cube.ide.mcu.externaltools.gnu-tools-for-stm32.9-2020-q2-update.win32_2.0.0.202105311346/tools/bin/../lib/gcc/arm-none-eabi/9.3.1/../../../../arm-none-eabi/lib/thumb/v7e-m+dp/hard/crt0.o (__libc_init_array)
c:/st/stm32cubeide_1.6.1/stm32cubeide/plugins/com.st.stm32cube.ide.mcu.externaltools.gnu-tools-for-stm32.9-2020-q2-update.win32_2.0.0.202105311346/tools/bin/../lib/gcc/arm-none-eabi/9.3.1/../../../../arm-none-eabi/lib/thumb/v7e-m+dp/hard\libc_nano.a(lib_a-memset.o)
                              c:/st/stm32cubeide_1.6.1/stm32cubeide/plugins/com.st.stm32cube.ide.mcu.externaltools.gnu-tools-for-stm32.9-2020-q2-update.win32_2.0.0.202105311346/tools/bin/../lib/gcc/arm-none-eabi/9.3.1/../../../../arm-none-eabi/lib/thumb/v7e-m+dp/hard/crt0.o (memset)
c:/st/stm32cubeide_1.6.1/stm32cubeide/plugins/com.st.stm32cube.ide.mcu.externaltools.gnu-tools-for-stm32.9-2020-q2-update.win32_2.0.0.202105311346/tools/bin/../lib/gcc/arm-none-eabi/9.3.1/../../../../arm-none-eabi/lib/thumb/v7e-m+dp/hard\libc_nano.a(lib_a-setvbuf.o)
                              ./Core/Src/retarget.o (setvbuf)
c:/st/stm32cubeide_1.6.1/stm32cubeide/plugins/com.st.stm32cube.ide.mcu.externaltools.gnu-tools-for-stm32.9-2020-q2-update.win32_2.0.0.202105311346/tools/bin/../lib/gcc/arm-none-eabi/9.3.1/../../../../arm-none-eabi/lib/thumb/v7e-m+dp/hard\libc_nano.a(lib_a-fflush.o)
                              c:/st/stm32cubeide_1.6.1/stm32cubeide/plugins/com.st.stm32cube.ide.mcu.externaltools.gnu-tools-for-stm32.9-2020-q2-update.win32_2.0.0.202105311346/tools/bin/../lib/gcc/arm-none-eabi/9.3.1/../../../../arm-none-eabi/lib/thumb/v7e-m+dp/hard\libc_nano.a(lib_a-setvbuf.o) (_fflush_r)
c:/st/stm32cubeide_1.6.1/stm32cubeide/plugins/com.st.stm32cube.ide.mcu.externaltools.gnu-tools-for-stm32.9-2020-q2-update.win32_2.0.0.202105311346/tools/bin/../lib/gcc/arm-none-eabi/9.3.1/../../../../arm-none-eabi/lib/thumb/v7e-m+dp/hard\libc_nano.a(lib_a-findfp.o)
                              c:/st/stm32cubeide_1.6.1/stm32cubeide/plugins/com.st.stm32cube.ide.mcu.externaltools.gnu-tools-for-stm32.9-2020-q2-update.win32_2.0.0.202105311346/tools/bin/../lib/gcc/arm-none-eabi/9.3.1/../../../../arm-none-eabi/lib/thumb/v7e-m+dp/hard\libc_nano.a(lib_a-setvbuf.o) (__sinit)
c:/st/stm32cubeide_1.6.1/stm32cubeide/plugins/com.st.stm32cube.ide.mcu.externaltools.gnu-tools-for-stm32.9-2020-q2-update.win32_2.0.0.202105311346/tools/bin/../lib/gcc/arm-none-eabi/9.3.1/../../../../arm-none-eabi/lib/thumb/v7e-m+dp/hard\libc_nano.a(lib_a-fwalk.o)
                              c:/st/stm32cubeide_1.6.1/stm32cubeide/plugins/com.st.stm32cube.ide.mcu.externaltools.gnu-tools-for-stm32.9-2020-q2-update.win32_2.0.0.202105311346/tools/bin/../lib/gcc/arm-none-eabi/9.3.1/../../../../arm-none-eabi/lib/thumb/v7e-m+dp/hard\libc_nano.a(lib_a-findfp.o) (_fwalk)
c:/st/stm32cubeide_1.6.1/stm32cubeide/plugins/com.st.stm32cube.ide.mcu.externaltools.gnu-tools-for-stm32.9-2020-q2-update.win32_2.0.0.202105311346/tools/bin/../lib/gcc/arm-none-eabi/9.3.1/../../../../arm-none-eabi/lib/thumb/v7e-m+dp/hard\libc_nano.a(lib_a-lock.o)
[...]
Memory Configuration

Name             Origin             Length             Attributes
ITCMRAM          0x0000000000000000 0x0000000000010000 xrw
FLASH            0x0000000008000000 0x0000000000200000 xr
DTCMRAM1         0x0000000020000000 0x0000000000010000 xrw
DTCMRAM2         0x0000000020010000 0x0000000000010000 xrw
RAM              0x0000000024000000 0x0000000000100000 xrw
RAM_CD           0x0000000030000000 0x0000000000020000 xrw
RAM_SRD          0x0000000038000000 0x0000000000008000 xrw
*default*        0x0000000000000000 0xffffffffffffffff

Linker script and memory map

LOAD c:/st/stm32cubeide_1.6.1/stm32cubeide/plugins/com.st.stm32cube.ide.mcu.externaltools.gnu-tools-for-stm32.9-2020-q2-update.win32_2.0.0.202105311346/tools/bin/../lib/gcc/arm-none-eabi/9.3.1/thumb/v7e-m+dp/hard/crti.o
LOAD c:/st/stm32cubeide_1.6.1/stm32cubeide/plugins/com.st.stm32cube.ide.mcu.externaltools.gnu-tools-for-stm32.9-2020-q2-update.win32_2.0.0.202105311346/tools/bin/../lib/gcc/arm-none-eabi/9.3.1/thumb/v7e-m+dp/hard/crtbegin.o
LOAD c:/st/stm32cubeide_1.6.1/stm32cubeide/plugins/com.st.stm32cube.ide.mcu.externaltools.gnu-tools-for-stm32.9-2020-q2-update.win32_2.0.0.202105311346/tools/bin/../lib/gcc/arm-none-eabi/9.3.1/../../../../arm-none-eabi/lib/thumb/v7e-m+dp/hard/crt0.o
LOAD ./Core/Src/adc.o
LOAD ./Core/Src/arp.o
LOAD ./Core/Src/dac.o
LOAD ./Core/Src/main.o
LOAD ./Core/Src/retarget.o
LOAD ./Core/Src/stm32h7xx_hal_msp.o
LOAD ./Core/Src/stm32h7xx_it.o
LOAD ./Core/Src/sysmem.o
LOAD ./Core/Src/system_stm32h7xx.o
LOAD ./Core/Src/tim.o
LOAD ./Core/Startup/startup_stm32h7a3zitxq.o
LOAD ./Drivers/STM32H7xx_HAL_Driver/Src/stm32h7xx_hal.o
LOAD ./Drivers/STM32H7xx_HAL_Driver/Src/stm32h7xx_hal_adc.o
LOAD ./Drivers/STM32H7xx_HAL_Driver/Src/stm32h7xx_hal_adc_ex.o
LOAD ./Drivers/STM32H7xx_HAL_Driver/Src/stm32h7xx_hal_cortex.o
LOAD ./Drivers/STM32H7xx_HAL_Driver/Src/stm32h7xx_hal_dac.o
LOAD ./Drivers/STM32H7xx_HAL_Driver/Src/stm32h7xx_hal_dac_ex.o
LOAD ./Drivers/STM32H7xx_HAL_Driver/Src/stm32h7xx_hal_dma.o
LOAD ./Drivers/STM32H7xx_HAL_Driver/Src/stm32h7xx_hal_dma_ex.o
LOAD ./Drivers/STM32H7xx_HAL_Driver/Src/stm32h7xx_hal_exti.o
LOAD ./Drivers/STM32H7xx_HAL_Driver/Src/stm32h7xx_hal_flash.o
LOAD ./Drivers/STM32H7xx_HAL_Driver/Src/stm32h7xx_hal_flash_ex.o
LOAD ./Drivers/STM32H7xx_HAL_Driver/Src/stm32h7xx_hal_gpio.o
LOAD ./Drivers/STM32H7xx_HAL_Driver/Src/stm32h7xx_hal_hsem.o
LOAD ./Drivers/STM32H7xx_HAL_Driver/Src/stm32h7xx_hal_i2c.o
LOAD ./Drivers/STM32H7xx_HAL_Driver/Src/stm32h7xx_hal_i2c_ex.o
LOAD ./Drivers/STM32H7xx_HAL_Driver/Src/stm32h7xx_hal_mdma.o
LOAD ./Drivers/STM32H7xx_HAL_Driver/Src/stm32h7xx_hal_pwr.o
LOAD ./Drivers/STM32H7xx_HAL_Driver/Src/stm32h7xx_hal_pwr_ex.o
LOAD ./Drivers/STM32H7xx_HAL_Driver/Src/stm32h7xx_hal_rcc.o
LOAD ./Drivers/STM32H7xx_HAL_Driver/Src/stm32h7xx_hal_rcc_ex.o
LOAD ./Drivers/STM32H7xx_HAL_Driver/Src/stm32h7xx_hal_tim.o
LOAD ./Drivers/STM32H7xx_HAL_Driver/Src/stm32h7xx_hal_tim_ex.o
LOAD ./Drivers/STM32H7xx_HAL_Driver/Src/stm32h7xx_hal_uart.o
LOAD ./Drivers/STM32H7xx_HAL_Driver/Src/stm32h7xx_hal_uart_ex.o
START GROUP
LOAD c:/st/stm32cubeide_1.6.1/stm32cubeide/plugins/com.st.stm32cube.ide.mcu.externaltools.gnu-tools-for-stm32.9-2020-q2-update.win32_2.0.0.202105311346/tools/bin/../lib/gcc/arm-none-eabi/9.3.1/../../../../arm-none-eabi/lib/thumb/v7e-m+dp/hard\libc_nano.a
LOAD c:/st/stm32cubeide_1.6.1/stm32cubeide/plugins/com.st.stm32cube.ide.mcu.externaltools.gnu-tools-for-stm32.9-2020-q2-update.win32_2.0.0.202105311346/tools/bin/../lib/gcc/arm-none-eabi/9.3.1/../../../../arm-none-eabi/lib/thumb/v7e-m+dp/hard\libm.a
END GROUP
START GROUP
LOAD c:/st/stm32cubeide_1.6.1/stm32cubeide/plugins/com.st.stm32cube.ide.mcu.externaltools.gnu-tools-for-stm32.9-2020-q2-update.win32_2.0.0.202105311346/tools/bin/../lib/gcc/arm-none-eabi/9.3.1/thumb/v7e-m+dp/hard\libgcc.a
LOAD c:/st/stm32cubeide_1.6.1/stm32cubeide/plugins/com.st.stm32cube.ide.mcu.externaltools.gnu-tools-for-stm32.9-2020-q2-update.win32_2.0.0.202105311346/tools/bin/../lib/gcc/arm-none-eabi/9.3.1/../../../../arm-none-eabi/lib/thumb/v7e-m+dp/hard\libc_nano.a
END GROUP
START GROUP
LOAD c:/st/stm32cubeide_1.6.1/stm32cubeide/plugins/com.st.stm32cube.ide.mcu.externaltools.gnu-tools-for-stm32.9-2020-q2-update.win32_2.0.0.202105311346/tools/bin/../lib/gcc/arm-none-eabi/9.3.1/thumb/v7e-m+dp/hard\libgcc.a
LOAD c:/st/stm32cubeide_1.6.1/stm32cubeide/plugins/com.st.stm32cube.ide.mcu.externaltools.gnu-tools-for-stm32.9-2020-q2-update.win32_2.0.0.202105311346/tools/bin/../lib/gcc/arm-none-eabi/9.3.1/../../../../arm-none-eabi/lib/thumb/v7e-m+dp/hard\libc_nano.a
LOAD c:/st/stm32cubeide_1.6.1/stm32cubeide/plugins/com.st.stm32cube.ide.mcu.externaltools.gnu-tools-for-stm32.9-2020-q2-update.win32_2.0.0.202105311346/tools/bin/../lib/gcc/arm-none-eabi/9.3.1/../../../../arm-none-eabi/lib/thumb/v7e-m+dp/hard\libnosys.a
END GROUP
START GROUP
LOAD c:/st/stm32cubeide_1.6.1/stm32cubeide/plugins/com.st.stm32cube.ide.mcu.externaltools.gnu-tools-for-stm32.9-2020-q2-update.win32_2.0.0.202105311346/tools/bin/../lib/gcc/arm-none-eabi/9.3.1/thumb/v7e-m+dp/hard\libgcc.a
LOAD c:/st/stm32cubeide_1.6.1/stm32cubeide/plugins/com.st.stm32cube.ide.mcu.externaltools.gnu-tools-for-stm32.9-2020-q2-update.win32_2.0.0.202105311346/tools/bin/../lib/gcc/arm-none-eabi/9.3.1/../../../../arm-none-eabi/lib/thumb/v7e-m+dp/hard\libc_nano.a
LOAD c:/st/stm32cubeide_1.6.1/stm32cubeide/plugins/com.st.stm32cube.ide.mcu.externaltools.gnu-tools-for-stm32.9-2020-q2-update.win32_2.0.0.202105311346/tools/bin/../lib/gcc/arm-none-eabi/9.3.1/../../../../arm-none-eabi/lib/thumb/v7e-m+dp/hard\libnosys.a
END GROUP
LOAD c:/st/stm32cubeide_1.6.1/stm32cubeide/plugins/com.st.stm32cube.ide.mcu.externaltools.gnu-tools-for-stm32.9-2020-q2-update.win32_2.0.0.202105311346/tools/bin/../lib/gcc/arm-none-eabi/9.3.1/thumb/v7e-m+dp/hard/crtend.o
LOAD c:/st/stm32cubeide_1.6.1/stm32cubeide/plugins/com.st.stm32cube.ide.mcu.externaltools.gnu-tools-for-stm32.9-2020-q2-update.win32_2.0.0.202105311346/tools/bin/../lib/gcc/arm-none-eabi/9.3.1/thumb/v7e-m+dp/hard/crtn.o
                0x0000000024100000                _estack = (ORIGIN (RAM) + LENGTH (RAM))
                0x0000000000000200                _Min_Heap_Size = 0x200
                0x0000000000000400                _Min_Stack_Size = 0x400

.isr_vector     0x0000000008000000      0x2ac
                0x0000000008000000                . = ALIGN (0x4)
 *(.isr_vector)
 .isr_vector    0x0000000008000000      0x2ac ./Core/Startup/startup_stm32h7a3zitxq.o
                0x0000000008000000                g_pfnVectors
                0x00000000080002ac                . = ALIGN (0x4)

.text           0x00000000080002ac     0xa254
                0x00000000080002ac                . = ALIGN (0x4)
 *(.text)
 .text          0x00000000080002ac       0x40 c:/st/stm32cubeide_1.6.1/stm32cubeide/plugins/com.st.stm32cube.ide.mcu.externaltools.gnu-tools-for-stm32.9-2020-q2-update.win32_2.0.0.202105311346/tools/bin/../lib/gcc/arm-none-eabi/9.3.1/thumb/v7e-m+dp/hard/crtbegin.o
 .text          0x00000000080002ec       0x30 c:/st/stm32cubeide_1.6.1/stm32cubeide/plugins/com.st.stm32cube.ide.mcu.externaltools.gnu-tools-for-stm32.9-2020-q2-update.win32_2.0.0.202105311346/tools/bin/../lib/gcc/arm-none-eabi/9.3.1/thumb/v7e-m+dp/hard\libgcc.a(_aeabi_uldivmod.o)
                0x00000000080002ec                __aeabi_uldivmod
 .text          0x000000000800031c      0x2c4 c:/st/stm32cubeide_1.6.1/stm32cubeide/plugins/com.st.stm32cube.ide.mcu.externaltools.gnu-tools-for-stm32.9-2020-q2-update.win32_2.0.0.202105311346/tools/bin/../lib/gcc/arm-none-eabi/9.3.1/thumb/v7e-m+dp/hard\libgcc.a(_udivmoddi4.o)
                0x000000000800031c                __udivmoddi4
 .text          0x00000000080005e0        0x4 c:/st/stm32cubeide_1.6.1/stm32cubeide/plugins/com.st.stm32cube.ide.mcu.externaltools.gnu-tools-for-stm32.9-2020-q2-update.win32_2.0.0.202105311346/tools/bin/../lib/gcc/arm-none-eabi/9.3.1/thumb/v7e-m+dp/hard\libgcc.a(_dvmd_tls.o)
                0x00000000080005e0                __aeabi_idiv0
                0x00000000080005e0                __aeabi_ldiv0
 *(.text*)
 .text.adc_init
                0x00000000080005e4       0x2e ./Core/Src/adc.o
                0x00000000080005e4                adc_init
 *fill*         0x0000000008000612        0x2 
 .text.adc_buffer_half_full
                0x0000000008000614       0xa8 ./Core/Src/adc.o
                0x0000000008000614                adc_buffer_half_full
 .text.adc_buffer_full
                0x00000000080006bc       0xac ./Core/Src/adc.o
                0x00000000080006bc                adc_buffer_full
 .text.arp_init
                0x0000000008000768       0x44 ./Core/Src/arp.o
                0x0000000008000768                arp_init
 .text.HAL_ADC_ConvHalfCpltCallback
                0x00000000080007ac       0x24 ./Core/Src/main.o
                0x00000000080007ac                HAL_ADC_ConvHalfCpltCallback
 .text.HAL_ADC_ConvCpltCallback
                0x00000000080007d0       0x24 ./Core/Src/main.o
                0x00000000080007d0                HAL_ADC_ConvCpltCallback
 .text.main     0x00000000080007f4       0x68 ./Core/Src/main.o
                0x00000000080007f4                main
 .text.SystemClock_Config
                0x000000000800085c       0xf4 ./Core/Src/main.o
                0x000000000800085c                SystemClock_Config
 .text.PeriphCommonClock_Config
                0x0000000008000950       0x58 ./Core/Src/main.o
                0x0000000008000950                PeriphCommonClock_Config
 .text.MX_ADC1_Init
                0x00000000080009a8       0xf0 ./Core/Src/main.o
 .text.MX_ADC2_Init
                0x0000000008000a98       0xc8 ./Core/Src/main.o
 .text.MX_DAC1_Init
                0x0000000008000b60       0x64 ./Core/Src/main.o
 .text.MX_TIM1_Init
                0x0000000008000bc4       0xa4 ./Core/Src/main.o
 .text.MX_TIM16_Init
                0x0000000008000c68       0x94 ./Core/Src/main.o
 .text.MX_USART3_UART_Init
                0x0000000008000cfc       0x98 ./Core/Src/main.o
 .text.MX_USB_OTG_HS_USB_Init
                0x0000000008000d94        0xe ./Core/Src/main.o
 *fill*         0x0000000008000da2        0x2 
 .text.MX_DMA_Init
                0x0000000008000da4       0x50 ./Core/Src/main.o
 .text.MX_GPIO_Init
                0x0000000008000df4      0x234 ./Core/Src/main.o
 .text.Error_Handler
                0x0000000008001028        0xa ./Core/Src/main.o
                0x0000000008001028                Error_Handler
 *fill*         0x0000000008001032        0x2 
 .text.HAL_MspInit
                0x0000000008001034       0x34 ./Core/Src/stm32h7xx_hal_msp.o
                0x0000000008001034                HAL_MspInit
 .text.HAL_ADC_MspInit
                0x0000000008001068      0x1dc ./Core/Src/stm32h7xx_hal_msp.o
                0x0000000008001068                HAL_ADC_MspInit
 .text.HAL_DAC_MspInit
                0x0000000008001244       0x8c ./Core/Src/stm32h7xx_hal_msp.o
                0x0000000008001244                HAL_DAC_MspInit
 .text.HAL_TIM_Base_MspInit
                0x00000000080012d0       0xc0 ./Core/Src/stm32h7xx_hal_msp.o
                0x00000000080012d0                HAL_TIM_Base_MspInit
 .text.HAL_UART_MspInit
                0x0000000008001390       0xcc ./Core/Src/stm32h7xx_hal_msp.o
                0x0000000008001390                HAL_UART_MspInit
 .text.NMI_Handler
                0x000000000800145c        0x6 ./Core/Src/stm32h7xx_it.o
                0x000000000800145c                NMI_Handler
 .text.HardFault_Handler
                0x0000000008001462        0x6 ./Core/Src/stm32h7xx_it.o
                0x0000000008001462                HardFault_Handler
 .text.MemManage_Handler
                0x0000000008001468        0x6 ./Core/Src/stm32h7xx_it.o
                0x0000000008001468                MemManage_Handler
 .text.BusFault_Handler
                0x000000000800146e        0x6 ./Core/Src/stm32h7xx_it.o
                0x000000000800146e                BusFault_Handler
 .text.UsageFault_Handler
                0x0000000008001474        0x6 ./Core/Src/stm32h7xx_it.o
                0x0000000008001474                UsageFault_Handler
 .text.SVC_Handler
                0x000000000800147a        0xe ./Core/Src/stm32h7xx_it.o
                0x000000000800147a                SVC_Handler
 .text.DebugMon_Handler
                0x0000000008001488        0xe ./Core/Src/stm32h7xx_it.o
                0x0000000008001488                DebugMon_Handler
 .text.PendSV_Handler
                0x0000000008001496        0xe ./Core/Src/stm32h7xx_it.o
                0x0000000008001496                PendSV_Handler
 .text.SysTick_Handler
                0x00000000080014a4        0xc ./Core/Src/stm32h7xx_it.o
                0x00000000080014a4                SysTick_Handler
 .text.DMA1_Stream0_IRQHandler
                0x00000000080014b0       0x14 ./Core/Src/stm32h7xx_it.o
                0x00000000080014b0                DMA1_Stream0_IRQHandler
 .text.DMA1_Stream1_IRQHandler
                0x00000000080014c4       0x14 ./Core/Src/stm32h7xx_it.o
                0x00000000080014c4                DMA1_Stream1_IRQHandler
 .text.SystemInit
                0x00000000080014d8       0xf8 ./Core/Src/system_stm32h7xx.o
                0x00000000080014d8                SystemInit
 .text.tim_init
                0x00000000080015d0       0x16 ./Core/Src/tim.o
                0x00000000080015d0                tim_init
 *fill*         0x00000000080015e6        0x2 
 .text.Reset_Handler
                0x00000000080015e8       0x50 ./Core/Startup/startup_stm32h7a3zitxq.o
                0x00000000080015e8                Reset_Handler
 .text.Default_Handler
                0x0000000008001638        0x2 ./Core/Startup/startup_stm32h7a3zitxq.o
                0x0000000008001638                RTC_Alarm_IRQHandler
                0x0000000008001638                EXTI2_IRQHandler
                0x0000000008001638                TIM8_CC_IRQHandler
                0x0000000008001638                UART8_IRQHandler
                0x0000000008001638                BDMA2_Channel1_IRQHandler
                0x0000000008001638                SPI4_IRQHandler
                0x0000000008001638                BDMA2_Channel0_IRQHandler
                0x0000000008001638                TIM1_CC_IRQHandler
                0x0000000008001638                DMA2_Stream5_IRQHandler
                0x0000000008001638                JPEG_IRQHandler
                0x0000000008001638                DMA1_Stream5_IRQHandler
                0x0000000008001638                EXTI3_IRQHandler
                0x0000000008001638                LPTIM4_IRQHandler
                0x0000000008001638                TIM8_TRG_COM_TIM14_IRQHandler
                0x0000000008001638                LPTIM2_IRQHandler
                0x0000000008001638                DFSDM1_FLT1_IRQHandler
                0x0000000008001638                DMAMUX2_OVR_IRQHandler
                0x0000000008001638                GFXMMU_IRQHandler
                0x0000000008001638                TIM8_UP_TIM13_IRQHandler
                0x0000000008001638                I2C3_ER_IRQHandler
                0x0000000008001638                DFSDM1_FLT2_IRQHandler
                0x0000000008001638                USART10_IRQHandler
                0x0000000008001638                MDMA_IRQHandler
                0x0000000008001638                LPTIM3_IRQHandler
                0x0000000008001638                BDMA2_Channel3_IRQHandler
                0x0000000008001638                HSEM1_IRQHandler
                0x0000000008001638                EXTI0_IRQHandler
                0x0000000008001638                I2C2_EV_IRQHandler
                0x0000000008001638                DAC2_IRQHandler
                0x0000000008001638                DMA1_Stream2_IRQHandler
                0x0000000008001638                FPU_IRQHandler
                0x0000000008001638                OTG_HS_WKUP_IRQHandler
                0x0000000008001638                FDCAN1_IT1_IRQHandler
                0x0000000008001638                LTDC_ER_IRQHandler
                0x0000000008001638                DMA2_Stream2_IRQHandler
                0x0000000008001638                SPI1_IRQHandler
                0x0000000008001638                OCTOSPI1_IRQHandler
                0x0000000008001638                TIM6_DAC_IRQHandler
                0x0000000008001638                BDMA2_Channel6_IRQHandler
                0x0000000008001638                DMA2_Stream3_IRQHandler
                0x0000000008001638                OCTOSPI2_IRQHandler
                0x0000000008001638                SAI2_IRQHandler
                0x0000000008001638                BDMA1_IRQHandler
                0x0000000008001638                DFSDM1_FLT3_IRQHandler
                0x0000000008001638                USART6_IRQHandler
                0x0000000008001638                TIM17_IRQHandler
                0x0000000008001638                USART3_IRQHandler
                0x0000000008001638                LPTIM5_IRQHandler
                0x0000000008001638                UART5_IRQHandler
                0x0000000008001638                DMA2_Stream0_IRQHandler
                0x0000000008001638                TIM4_IRQHandler
                0x0000000008001638                I2C1_EV_IRQHandler
                0x0000000008001638                DMA1_Stream6_IRQHandler
                0x0000000008001638                DMAMUX1_OVR_IRQHandler
                0x0000000008001638                TIM16_IRQHandler
                0x0000000008001638                UART4_IRQHandler
                0x0000000008001638                TIM3_IRQHandler
                0x0000000008001638                RCC_IRQHandler
                0x0000000008001638                UART9_IRQHandler
                0x0000000008001638                TIM8_BRK_TIM12_IRQHandler
                0x0000000008001638                TIM1_TRG_COM_IRQHandler
                0x0000000008001638                Default_Handler
                0x0000000008001638                ECC_IRQHandler
                0x0000000008001638                BDMA2_Channel2_IRQHandler
                0x0000000008001638                CEC_IRQHandler
                0x0000000008001638                EXTI15_10_IRQHandler
                0x0000000008001638                DFSDM1_FLT4_IRQHandler
                0x0000000008001638                ADC_IRQHandler
                0x0000000008001638                DMA1_Stream7_IRQHandler
                0x0000000008001638                SPI5_IRQHandler
                0x0000000008001638                TIM7_IRQHandler
                0x0000000008001638                SDMMC1_IRQHandler
                0x0000000008001638                TIM5_IRQHandler
                0x0000000008001638                DMA2_Stream7_IRQHandler
                0x0000000008001638                TIM15_IRQHandler
                0x0000000008001638                I2C3_EV_IRQHandler
                0x0000000008001638                DFSDM2_IRQHandler
                0x0000000008001638                EXTI9_5_IRQHandler
                0x0000000008001638                RTC_WKUP_IRQHandler
                0x0000000008001638                LTDC_IRQHandler
                0x0000000008001638                SPDIF_RX_IRQHandler
                0x0000000008001638                PVD_PVM_IRQHandler
                0x0000000008001638                SPI2_IRQHandler
                0x0000000008001638                OTG_HS_EP1_IN_IRQHandler
                0x0000000008001638                DFSDM1_FLT5_IRQHandler
                0x0000000008001638                CRS_IRQHandler
                0x0000000008001638                EXTI4_IRQHandler
                0x0000000008001638                DFSDM1_FLT6_IRQHandler
                0x0000000008001638                RNG_IRQHandler
                0x0000000008001638                FDCAN2_IT1_IRQHandler
                0x0000000008001638                COMP_IRQHandler
                0x0000000008001638                TIM1_UP_IRQHandler
                0x0000000008001638                OTG_HS_EP1_OUT_IRQHandler
                0x0000000008001638                WWDG_IRQHandler
                0x0000000008001638                SPI6_IRQHandler
                0x0000000008001638                MDIOS_IRQHandler
                0x0000000008001638                I2C4_EV_IRQHandler
                0x0000000008001638                FDCAN2_IT0_IRQHandler
                0x0000000008001638                LPUART1_IRQHandler
                0x0000000008001638                FDCAN1_IT0_IRQHandler
                0x0000000008001638                TIM2_IRQHandler
                0x0000000008001638                BDMA2_Channel5_IRQHandler
                0x0000000008001638                OTG_HS_IRQHandler
                0x0000000008001638                DMA2D_IRQHandler
                0x0000000008001638                TIM1_BRK_IRQHandler
                0x0000000008001638                EXTI1_IRQHandler
                0x0000000008001638                SDMMC2_IRQHandler
                0x0000000008001638                DTS_IRQHandler
                0x0000000008001638                UART7_IRQHandler
                0x0000000008001638                MDIOS_WKUP_IRQHandler
                0x0000000008001638                USART2_IRQHandler
                0x0000000008001638                DFSDM1_FLT0_IRQHandler
                0x0000000008001638                I2C2_ER_IRQHandler
                0x0000000008001638                DMA2_Stream1_IRQHandler
                0x0000000008001638                DFSDM1_FLT7_IRQHandler
                0x0000000008001638                FLASH_IRQHandler
                0x0000000008001638                DMA2_Stream4_IRQHandler
                0x0000000008001638                USART1_IRQHandler
                0x0000000008001638                SPI3_IRQHandler
                0x0000000008001638                WAKEUP_PIN_IRQHandler
                0x0000000008001638                DMA1_Stream4_IRQHandler
                0x0000000008001638                I2C1_ER_IRQHandler
                0x0000000008001638                FMC_IRQHandler
                0x0000000008001638                BDMA2_Channel7_IRQHandler
                0x0000000008001638                FDCAN_CAL_IRQHandler
                0x0000000008001638                SWPMI1_IRQHandler
                0x0000000008001638                LPTIM1_IRQHandler
                0x0000000008001638                DCMI_PSSI_IRQHandler
                0x0000000008001638                I2C4_ER_IRQHandler
                0x0000000008001638                DMA2_Stream6_IRQHandler
                0x0000000008001638                SAI1_IRQHandler
                0x0000000008001638                DMA1_Stream3_IRQHandler
                0x0000000008001638                RTC_TAMP_STAMP_CSS_LSE_IRQHandler
                0x0000000008001638                BDMA2_Channel4_IRQHandler
 *fill*         0x000000000800163a        0x2 
 .text.HAL_Init
                0x000000000800163c       0x78 ./Drivers/STM32H7xx_HAL_Driver/Src/stm32h7xx_hal.o
                0x000000000800163c                HAL_Init
 .text.HAL_InitTick
                0x00000000080016b4       0x6c ./Drivers/STM32H7xx_HAL_Driver/Src/stm32h7xx_hal.o
                0x00000000080016b4                HAL_InitTick
 .text.HAL_IncTick
                0x0000000008001720       0x28 ./Drivers/STM32H7xx_HAL_Driver/Src/stm32h7xx_hal.o
                0x0000000008001720                HAL_IncTick
 .text.HAL_GetTick
                0x0000000008001748       0x18 ./Drivers/STM32H7xx_HAL_Driver/Src/stm32h7xx_hal.o
                0x0000000008001748                HAL_GetTick
 .text.HAL_Delay
                0x0000000008001760       0x48 ./Drivers/STM32H7xx_HAL_Driver/Src/stm32h7xx_hal.o
                0x0000000008001760                HAL_Delay
 .text.HAL_SYSCFG_AnalogSwitchConfig
                0x00000000080017a8       0x2c ./Drivers/STM32H7xx_HAL_Driver/Src/stm32h7xx_hal.o
                0x00000000080017a8                HAL_SYSCFG_AnalogSwitchConfig
 .text.LL_ADC_SetCommonClock
                0x00000000080017d4       0x26 ./Drivers/STM32H7xx_HAL_Driver/Src/stm32h7xx_hal_adc.o
 .text.LL_ADC_SetCommonPathInternalCh
                0x00000000080017fa       0x26 ./Drivers/STM32H7xx_HAL_Driver/Src/stm32h7xx_hal_adc.o
 .text.LL_ADC_GetCommonPathInternalCh
                0x0000000008001820       0x1c ./Drivers/STM32H7xx_HAL_Driver/Src/stm32h7xx_hal_adc.o
 .text.LL_ADC_SetOffset
                0x000000000800183c       0x40 ./Drivers/STM32H7xx_HAL_Driver/Src/stm32h7xx_hal_adc.o
 .text.LL_ADC_SetDataRightShift
                0x000000000800187c       0x32 ./Drivers/STM32H7xx_HAL_Driver/Src/stm32h7xx_hal_adc.o
 .text.LL_ADC_SetOffsetSignedSaturation
                0x00000000080018ae       0x36 ./Drivers/STM32H7xx_HAL_Driver/Src/stm32h7xx_hal_adc.o
 .text.LL_ADC_REG_IsTriggerSourceSWStart
                0x00000000080018e4       0x26 ./Drivers/STM32H7xx_HAL_Driver/Src/stm32h7xx_hal_adc.o
 .text.LL_ADC_REG_SetSequencerRanks
                0x000000000800190a       0x58 ./Drivers/STM32H7xx_HAL_Driver/Src/stm32h7xx_hal_adc.o
 .text.LL_ADC_REG_SetDataTransferMode
                0x0000000008001962       0x26 ./Drivers/STM32H7xx_HAL_Driver/Src/stm32h7xx_hal_adc.o
 .text.LL_ADC_SetChannelSamplingTime
                0x0000000008001988       0x56 ./Drivers/STM32H7xx_HAL_Driver/Src/stm32h7xx_hal_adc.o
 *fill*         0x00000000080019de        0x2 
 .text.LL_ADC_SetChannelSingleDiff
                0x00000000080019e0       0x48 ./Drivers/STM32H7xx_HAL_Driver/Src/stm32h7xx_hal_adc.o
 .text.LL_ADC_GetMultimode
                0x0000000008001a28       0x1c ./Drivers/STM32H7xx_HAL_Driver/Src/stm32h7xx_hal_adc.o
 .text.LL_ADC_DisableDeepPowerDown
                0x0000000008001a44       0x24 ./Drivers/STM32H7xx_HAL_Driver/Src/stm32h7xx_hal_adc.o
 .text.LL_ADC_IsDeepPowerDownEnabled
                0x0000000008001a68       0x28 ./Drivers/STM32H7xx_HAL_Driver/Src/stm32h7xx_hal_adc.o
 .text.LL_ADC_EnableInternalRegulator
                0x0000000008001a90       0x28 ./Drivers/STM32H7xx_HAL_Driver/Src/stm32h7xx_hal_adc.o
 .text.LL_ADC_IsInternalRegulatorEnabled
                0x0000000008001ab8       0x28 ./Drivers/STM32H7xx_HAL_Driver/Src/stm32h7xx_hal_adc.o
 .text.LL_ADC_Enable
                0x0000000008001ae0       0x28 ./Drivers/STM32H7xx_HAL_Driver/Src/stm32h7xx_hal_adc.o
 .text.LL_ADC_IsEnabled
                0x0000000008001b08       0x26 ./Drivers/STM32H7xx_HAL_Driver/Src/stm32h7xx_hal_adc.o
 *fill*         0x0000000008001b2e        0x2 
 .text.LL_ADC_REG_StartConversion
                0x0000000008001b30       0x28 ./Drivers/STM32H7xx_HAL_Driver/Src/stm32h7xx_hal_adc.o
 .text.LL_ADC_REG_IsConversionOngoing
                0x0000000008001b58       0x26 ./Drivers/STM32H7xx_HAL_Driver/Src/stm32h7xx_hal_adc.o
 .text.LL_ADC_INJ_IsConversionOngoing
                0x0000000008001b7e       0x26 ./Drivers/STM32H7xx_HAL_Driver/Src/stm32h7xx_hal_adc.o
 .text.HAL_ADC_Init
                0x0000000008001ba4      0x2b4 ./Drivers/STM32H7xx_HAL_Driver/Src/stm32h7xx_hal_adc.o
                0x0000000008001ba4                HAL_ADC_Init
 .text.HAL_ADC_Start_DMA
                0x0000000008001e58      0x168 ./Drivers/STM32H7xx_HAL_Driver/Src/stm32h7xx_hal_adc.o
                0x0000000008001e58                HAL_ADC_Start_DMA
 .text.HAL_ADC_ErrorCallback
                0x0000000008001fc0       0x14 ./Drivers/STM32H7xx_HAL_Driver/Src/stm32h7xx_hal_adc.o
                0x0000000008001fc0                HAL_ADC_ErrorCallback
 .text.HAL_ADC_ConfigChannel
                0x0000000008001fd4      0x5cc ./Drivers/STM32H7xx_HAL_Driver/Src/stm32h7xx_hal_adc.o
                0x0000000008001fd4                HAL_ADC_ConfigChannel
 .text.ADC_Enable
                0x00000000080025a0       0xf8 ./Drivers/STM32H7xx_HAL_Driver/Src/stm32h7xx_hal_adc.o
                0x00000000080025a0                ADC_Enable
 .text.ADC_DMAConvCplt
                0x0000000008002698       0xd8 ./Drivers/STM32H7xx_HAL_Driver/Src/stm32h7xx_hal_adc.o
                0x0000000008002698                ADC_DMAConvCplt
 .text.ADC_DMAHalfConvCplt
                0x0000000008002770       0x1c ./Drivers/STM32H7xx_HAL_Driver/Src/stm32h7xx_hal_adc.o
                0x0000000008002770                ADC_DMAHalfConvCplt
 .text.ADC_DMAError
                0x000000000800278c       0x34 ./Drivers/STM32H7xx_HAL_Driver/Src/stm32h7xx_hal_adc.o
                0x000000000800278c                ADC_DMAError
 .text.ADC_ConfigureBoostMode
                0x00000000080027c0      0x198 ./Drivers/STM32H7xx_HAL_Driver/Src/stm32h7xx_hal_adc.o
                0x00000000080027c0                ADC_ConfigureBoostMode
 .text.LL_ADC_IsEnabled
                0x0000000008002958       0x26 ./Drivers/STM32H7xx_HAL_Driver/Src/stm32h7xx_hal_adc_ex.o
 .text.LL_ADC_REG_IsConversionOngoing
                0x000000000800297e       0x26 ./Drivers/STM32H7xx_HAL_Driver/Src/stm32h7xx_hal_adc_ex.o
 .text.HAL_ADCEx_MultiModeConfigChannel
                0x00000000080029a4      0x138 ./Drivers/STM32H7xx_HAL_Driver/Src/stm32h7xx_hal_adc_ex.o
                0x00000000080029a4                HAL_ADCEx_MultiModeConfigChannel
 .text.__NVIC_SetPriorityGrouping
                0x0000000008002adc       0x48 ./Drivers/STM32H7xx_HAL_Driver/Src/stm32h7xx_hal_cortex.o
 .text.__NVIC_GetPriorityGrouping
                0x0000000008002b24       0x1c ./Drivers/STM32H7xx_HAL_Driver/Src/stm32h7xx_hal_cortex.o
 .text.__NVIC_EnableIRQ
                0x0000000008002b40       0x3c ./Drivers/STM32H7xx_HAL_Driver/Src/stm32h7xx_hal_cortex.o
 .text.__NVIC_SetPriority
                0x0000000008002b7c       0x54 ./Drivers/STM32H7xx_HAL_Driver/Src/stm32h7xx_hal_cortex.o
 .text.NVIC_EncodePriority
                0x0000000008002bd0       0x66 ./Drivers/STM32H7xx_HAL_Driver/Src/stm32h7xx_hal_cortex.o
 *fill*         0x0000000008002c36        0x2 
 .text.SysTick_Config
                0x0000000008002c38       0x44 ./Drivers/STM32H7xx_HAL_Driver/Src/stm32h7xx_hal_cortex.o
 .text.HAL_NVIC_SetPriorityGrouping
                0x0000000008002c7c       0x16 ./Drivers/STM32H7xx_HAL_Driver/Src/stm32h7xx_hal_cortex.o
                0x0000000008002c7c                HAL_NVIC_SetPriorityGrouping
 .text.HAL_NVIC_SetPriority
                0x0000000008002c92       0x34 ./Drivers/STM32H7xx_HAL_Driver/Src/stm32h7xx_hal_cortex.o
                0x0000000008002c92                HAL_NVIC_SetPriority
 .text.HAL_NVIC_EnableIRQ
                0x0000000008002cc6       0x1c ./Drivers/STM32H7xx_HAL_Driver/Src/stm32h7xx_hal_cortex.o
                0x0000000008002cc6                HAL_NVIC_EnableIRQ
 .text.HAL_SYSTICK_Config
                0x0000000008002ce2       0x18 ./Drivers/STM32H7xx_HAL_Driver/Src/stm32h7xx_hal_cortex.o
                0x0000000008002ce2                HAL_SYSTICK_Config
 .text.HAL_DAC_Init
                0x0000000008002cfa       0x44 ./Drivers/STM32H7xx_HAL_Driver/Src/stm32h7xx_hal_dac.o
                0x0000000008002cfa                HAL_DAC_Init
 *fill*         0x0000000008002d3e        0x2 
 .text.HAL_DAC_ConfigChannel
                0x0000000008002d40      0x260 ./Drivers/STM32H7xx_HAL_Driver/Src/stm32h7xx_hal_dac.o
                0x0000000008002d40                HAL_DAC_ConfigChannel
 .text.HAL_DMA_Init
                0x0000000008002fa0      0x720 ./Drivers/STM32H7xx_HAL_Driver/Src/stm32h7xx_hal_dma.o
                0x0000000008002fa0                HAL_DMA_Init
 .text.HAL_DMA_Start_IT
                0x00000000080036c0      0x4d4 ./Drivers/STM32H7xx_HAL_Driver/Src/stm32h7xx_hal_dma.o
                0x00000000080036c0                HAL_DMA_Start_IT
 .text.HAL_DMA_IRQHandler
                0x0000000008003b94      0xec4 ./Drivers/STM32H7xx_HAL_Driver/Src/stm32h7xx_hal_dma.o
                0x0000000008003b94                HAL_DMA_IRQHandler
 .text.DMA_SetConfig
                0x0000000008004a58      0x3c8 ./Drivers/STM32H7xx_HAL_Driver/Src/stm32h7xx_hal_dma.o
 .text.DMA_CalcBaseAndBitshift
                0x0000000008004e20      0x164 ./Drivers/STM32H7xx_HAL_Driver/Src/stm32h7xx_hal_dma.o
 .text.DMA_CheckFifoParam
                0x0000000008004f84       0xf8 ./Drivers/STM32H7xx_HAL_Driver/Src/stm32h7xx_hal_dma.o
 .text.DMA_CalcDMAMUXChannelBaseAndMask
                0x000000000800507c      0x134 ./Drivers/STM32H7xx_HAL_Driver/Src/stm32h7xx_hal_dma.o
 .text.DMA_CalcDMAMUXRequestGenBaseAndMask
                0x00000000080051b0       0xe8 ./Drivers/STM32H7xx_HAL_Driver/Src/stm32h7xx_hal_dma.o
 .text.HAL_GPIO_Init
                0x0000000008005298      0x360 ./Drivers/STM32H7xx_HAL_Driver/Src/stm32h7xx_hal_gpio.o
                0x0000000008005298                HAL_GPIO_Init
 .text.HAL_GPIO_WritePin
                0x00000000080055f8       0x32 ./Drivers/STM32H7xx_HAL_Driver/Src/stm32h7xx_hal_gpio.o
                0x00000000080055f8                HAL_GPIO_WritePin
 *fill*         0x000000000800562a        0x2 
 .text.HAL_PWREx_ConfigSupply
                0x000000000800562c       0xb4 ./Drivers/STM32H7xx_HAL_Driver/Src/stm32h7xx_hal_pwr_ex.o
                0x000000000800562c                HAL_PWREx_ConfigSupply
 .text.HAL_RCC_OscConfig
                0x00000000080056e0      0x7d0 ./Drivers/STM32H7xx_HAL_Driver/Src/stm32h7xx_hal_rcc.o
                0x00000000080056e0                HAL_RCC_OscConfig
 .text.HAL_RCC_ClockConfig
                0x0000000008005eb0      0x36c ./Drivers/STM32H7xx_HAL_Driver/Src/stm32h7xx_hal_rcc.o
                0x0000000008005eb0                HAL_RCC_ClockConfig
 .text.HAL_RCC_GetSysClockFreq
                0x000000000800621c      0x2f4 ./Drivers/STM32H7xx_HAL_Driver/Src/stm32h7xx_hal_rcc.o
                0x000000000800621c                HAL_RCC_GetSysClockFreq
 .text.HAL_RCC_GetHCLKFreq
                0x0000000008006510       0x60 ./Drivers/STM32H7xx_HAL_Driver/Src/stm32h7xx_hal_rcc.o
                0x0000000008006510                HAL_RCC_GetHCLKFreq
 .text.HAL_RCC_GetPCLK1Freq
                0x0000000008006570       0x2c ./Drivers/STM32H7xx_HAL_Driver/Src/stm32h7xx_hal_rcc.o
                0x0000000008006570                HAL_RCC_GetPCLK1Freq
 .text.HAL_RCC_GetPCLK2Freq
                0x000000000800659c       0x2c ./Drivers/STM32H7xx_HAL_Driver/Src/stm32h7xx_hal_rcc.o
                0x000000000800659c                HAL_RCC_GetPCLK2Freq
 .text.HAL_RCCEx_PeriphCLKConfig
                0x00000000080065c8      0xe18 ./Drivers/STM32H7xx_HAL_Driver/Src/stm32h7xx_hal_rcc_ex.o
                0x00000000080065c8                HAL_RCCEx_PeriphCLKConfig
 .text.HAL_RCCEx_GetPeriphCLKFreq
                0x00000000080073e0      0x854 ./Drivers/STM32H7xx_HAL_Driver/Src/stm32h7xx_hal_rcc_ex.o
                0x00000000080073e0                HAL_RCCEx_GetPeriphCLKFreq
 .text.HAL_RCCEx_GetD3PCLK1Freq
                0x0000000008007c34       0x2c ./Drivers/STM32H7xx_HAL_Driver/Src/stm32h7xx_hal_rcc_ex.o
                0x0000000008007c34                HAL_RCCEx_GetD3PCLK1Freq
 .text.HAL_RCCEx_GetPLL2ClockFreq
                0x0000000008007c60      0x2a8 ./Drivers/STM32H7xx_HAL_Driver/Src/stm32h7xx_hal_rcc_ex.o
                0x0000000008007c60                HAL_RCCEx_GetPLL2ClockFreq
 .text.HAL_RCCEx_GetPLL3ClockFreq
                0x0000000008007f08      0x2a8 ./Drivers/STM32H7xx_HAL_Driver/Src/stm32h7xx_hal_rcc_ex.o
                0x0000000008007f08                HAL_RCCEx_GetPLL3ClockFreq
 .text.HAL_RCCEx_GetPLL1ClockFreq
                0x00000000080081b0      0x2a4 ./Drivers/STM32H7xx_HAL_Driver/Src/stm32h7xx_hal_rcc_ex.o
                0x00000000080081b0                HAL_RCCEx_GetPLL1ClockFreq
 .text.RCCEx_PLL2_Config
                0x0000000008008454      0x164 ./Drivers/STM32H7xx_HAL_Driver/Src/stm32h7xx_hal_rcc_ex.o
 .text.RCCEx_PLL3_Config
                0x00000000080085b8      0x164 ./Drivers/STM32H7xx_HAL_Driver/Src/stm32h7xx_hal_rcc_ex.o
 .text.HAL_TIM_Base_Init
                0x000000000800871c       0xae ./Drivers/STM32H7xx_HAL_Driver/Src/stm32h7xx_hal_tim.o
                0x000000000800871c                HAL_TIM_Base_Init
 *fill*         0x00000000080087ca        0x2 
 .text.HAL_TIM_Base_Start_IT
                0x00000000080087cc       0xe0 ./Drivers/STM32H7xx_HAL_Driver/Src/stm32h7xx_hal_tim.o
                0x00000000080087cc                HAL_TIM_Base_Start_IT
 .text.HAL_TIM_IC_Init
                0x00000000080088ac       0xae ./Drivers/STM32H7xx_HAL_Driver/Src/stm32h7xx_hal_tim.o
                0x00000000080088ac                HAL_TIM_IC_Init
 .text.HAL_TIM_IC_MspInit
                0x000000000800895a       0x14 ./Drivers/STM32H7xx_HAL_Driver/Src/stm32h7xx_hal_tim.o
                0x000000000800895a                HAL_TIM_IC_MspInit
 .text.HAL_TIM_IC_ConfigChannel
                0x000000000800896e      0x128 ./Drivers/STM32H7xx_HAL_Driver/Src/stm32h7xx_hal_tim.o
                0x000000000800896e                HAL_TIM_IC_ConfigChannel
 *fill*         0x0000000008008a96        0x2 
 .text.HAL_TIM_ConfigClockSource
                0x0000000008008a98      0x1e8 ./Drivers/STM32H7xx_HAL_Driver/Src/stm32h7xx_hal_tim.o
                0x0000000008008a98                HAL_TIM_ConfigClockSource
 .text.TIM_Base_SetConfig
                0x0000000008008c80      0x134 ./Drivers/STM32H7xx_HAL_Driver/Src/stm32h7xx_hal_tim.o
                0x0000000008008c80                TIM_Base_SetConfig
 .text.TIM_TI1_SetConfig
                0x0000000008008db4       0xe8 ./Drivers/STM32H7xx_HAL_Driver/Src/stm32h7xx_hal_tim.o
                0x0000000008008db4                TIM_TI1_SetConfig
 .text.TIM_TI1_ConfigInputStage
                0x0000000008008e9c       0x5e ./Drivers/STM32H7xx_HAL_Driver/Src/stm32h7xx_hal_tim.o
 .text.TIM_TI2_SetConfig
                0x0000000008008efa       0x7a ./Drivers/STM32H7xx_HAL_Driver/Src/stm32h7xx_hal_tim.o
 .text.TIM_TI2_ConfigInputStage
                0x0000000008008f74       0x60 ./Drivers/STM32H7xx_HAL_Driver/Src/stm32h7xx_hal_tim.o
 .text.TIM_TI3_SetConfig
                0x0000000008008fd4       0x78 ./Drivers/STM32H7xx_HAL_Driver/Src/stm32h7xx_hal_tim.o
 .text.TIM_TI4_SetConfig
                0x000000000800904c       0x7a ./Drivers/STM32H7xx_HAL_Driver/Src/stm32h7xx_hal_tim.o
 *fill*         0x00000000080090c6        0x2 
 .text.TIM_ITRx_SetConfig
                0x00000000080090c8       0x3c ./Drivers/STM32H7xx_HAL_Driver/Src/stm32h7xx_hal_tim.o
 .text.TIM_ETR_SetConfig
                0x0000000008009104       0x40 ./Drivers/STM32H7xx_HAL_Driver/Src/stm32h7xx_hal_tim.o
                0x0000000008009104                TIM_ETR_SetConfig
 .text.HAL_TIMEx_MasterConfigSynchronization
                0x0000000008009144      0x110 ./Drivers/STM32H7xx_HAL_Driver/Src/stm32h7xx_hal_tim_ex.o
                0x0000000008009144                HAL_TIMEx_MasterConfigSynchronization
 .text.HAL_UART_Init
                0x0000000008009254       0xa0 ./Drivers/STM32H7xx_HAL_Driver/Src/stm32h7xx_hal_uart.o
                0x0000000008009254                HAL_UART_Init
 .text.UART_SetConfig
                0x00000000080092f4      0xcbc ./Drivers/STM32H7xx_HAL_Driver/Src/stm32h7xx_hal_uart.o
                0x00000000080092f4                UART_SetConfig
 .text.UART_AdvFeatureConfig
                0x0000000008009fb0      0x144 ./Drivers/STM32H7xx_HAL_Driver/Src/stm32h7xx_hal_uart.o
                0x0000000008009fb0                UART_AdvFeatureConfig
 .text.UART_CheckIdleState
                0x000000000800a0f4       0x96 ./Drivers/STM32H7xx_HAL_Driver/Src/stm32h7xx_hal_uart.o
                0x000000000800a0f4                UART_CheckIdleState
 .text.UART_WaitOnFlagUntilTimeout
                0x000000000800a18a      0x100 ./Drivers/STM32H7xx_HAL_Driver/Src/stm32h7xx_hal_uart.o
                0x000000000800a18a                UART_WaitOnFlagUntilTimeout
 .text.HAL_UARTEx_DisableFifoMode
                0x000000000800a28a       0x72 ./Drivers/STM32H7xx_HAL_Driver/Src/stm32h7xx_hal_uart_ex.o
                0x000000000800a28a                HAL_UARTEx_DisableFifoMode
 .text.HAL_UARTEx_SetTxFifoThreshold
                0x000000000800a2fc       0x7c ./Drivers/STM32H7xx_HAL_Driver/Src/stm32h7xx_hal_uart_ex.o
                0x000000000800a2fc                HAL_UARTEx_SetTxFifoThreshold
 .text.HAL_UARTEx_SetRxFifoThreshold
                0x000000000800a378       0x7c ./Drivers/STM32H7xx_HAL_Driver/Src/stm32h7xx_hal_uart_ex.o
                0x000000000800a378                HAL_UARTEx_SetRxFifoThreshold
 .text.UARTEx_SetNbDataToProcess
                0x000000000800a3f4       0x9c ./Drivers/STM32H7xx_HAL_Driver/Src/stm32h7xx_hal_uart_ex.o
 .text.__libc_init_array
                0x000000000800a490       0x48 c:/st/stm32cubeide_1.6.1/stm32cubeide/plugins/com.st.stm32cube.ide.mcu.externaltools.gnu-tools-for-stm32.9-2020-q2-update.win32_2.0.0.202105311346/tools/bin/../lib/gcc/arm-none-eabi/9.3.1/../../../../arm-none-eabi/lib/thumb/v7e-m+dp/hard\libc_nano.a(lib_a-init.o)
                0x000000000800a490                __libc_init_array
 .text.memset   0x000000000800a4d8       0x10 c:/st/stm32cubeide_1.6.1/stm32cubeide/plugins/com.st.stm32cube.ide.mcu.externaltools.gnu-tools-for-stm32.9-2020-q2-update.win32_2.0.0.202105311346/tools/bin/../lib/gcc/arm-none-eabi/9.3.1/../../../../arm-none-eabi/lib/thumb/v7e-m+dp/hard\libc_nano.a(lib_a-memset.o)
                0x000000000800a4d8                memset
 *(.glue_7)
 .glue_7        0x000000000800a4e8        0x0 linker stubs
 *(.glue_7t)
 .glue_7t       0x000000000800a4e8        0x0 linker stubs
 *(.eh_frame)
 .eh_frame      0x000000000800a4e8        0x0 c:/st/stm32cubeide_1.6.1/stm32cubeide/plugins/com.st.stm32cube.ide.mcu.externaltools.gnu-tools-for-stm32.9-2020-q2-update.win32_2.0.0.202105311346/tools/bin/../lib/gcc/arm-none-eabi/9.3.1/thumb/v7e-m+dp/hard/crtbegin.o
 *(.init)
 .init          0x000000000800a4e8        0x4 c:/st/stm32cubeide_1.6.1/stm32cubeide/plugins/com.st.stm32cube.ide.mcu.externaltools.gnu-tools-for-stm32.9-2020-q2-update.win32_2.0.0.202105311346/tools/bin/../lib/gcc/arm-none-eabi/9.3.1/thumb/v7e-m+dp/hard/crti.o
                0x000000000800a4e8                _init
 .init          0x000000000800a4ec        0x8 c:/st/stm32cubeide_1.6.1/stm32cubeide/plugins/com.st.stm32cube.ide.mcu.externaltools.gnu-tools-for-stm32.9-2020-q2-update.win32_2.0.0.202105311346/tools/bin/../lib/gcc/arm-none-eabi/9.3.1/thumb/v7e-m+dp/hard/crtn.o
 *(.fini)
 .fini          0x000000000800a4f4        0x4 c:/st/stm32cubeide_1.6.1/stm32cubeide/plugins/com.st.stm32cube.ide.mcu.externaltools.gnu-tools-for-stm32.9-2020-q2-update.win32_2.0.0.202105311346/tools/bin/../lib/gcc/arm-none-eabi/9.3.1/thumb/v7e-m+dp/hard/crti.o
                0x000000000800a4f4                _fini
 .fini          0x000000000800a4f8        0x8 c:/st/stm32cubeide_1.6.1/stm32cubeide/plugins/com.st.stm32cube.ide.mcu.externaltools.gnu-tools-for-stm32.9-2020-q2-update.win32_2.0.0.202105311346/tools/bin/../lib/gcc/arm-none-eabi/9.3.1/thumb/v7e-m+dp/hard/crtn.o
                0x000000000800a500                . = ALIGN (0x4)
                0x000000000800a500                _etext = .

.vfp11_veneer   0x000000000800a500        0x0
 .vfp11_veneer  0x000000000800a500        0x0 linker stubs

.v4_bx          0x000000000800a500        0x0
 .v4_bx         0x000000000800a500        0x0 linker stubs

.iplt           0x000000000800a500        0x0
 .iplt          0x000000000800a500        0x0 c:/st/stm32cubeide_1.6.1/stm32cubeide/plugins/com.st.stm32cube.ide.mcu.externaltools.gnu-tools-for-stm32.9-2020-q2-update.win32_2.0.0.202105311346/tools/bin/../lib/gcc/arm-none-eabi/9.3.1/thumb/v7e-m+dp/hard/crtbegin.o

.rodata         0x000000000800a500       0x40
                0x000000000800a500                . = ALIGN (0x4)
 *(.rodata)
 *(.rodata*)
 .rodata.D1CorePrescTable
                0x000000000800a500       0x10 ./Core/Src/system_stm32h7xx.o
                0x000000000800a500                D1CorePrescTable
 .rodata.flagBitshiftOffset.11936
                0x000000000800a510        0x8 ./Drivers/STM32H7xx_HAL_Driver/Src/stm32h7xx_hal_dma.o
 .rodata.UARTPrescTable
                0x000000000800a518       0x18 ./Drivers/STM32H7xx_HAL_Driver/Src/stm32h7xx_hal_uart.o
                0x000000000800a518                UARTPrescTable
 .rodata.numerator.11891
                0x000000000800a530        0x8 ./Drivers/STM32H7xx_HAL_Driver/Src/stm32h7xx_hal_uart_ex.o
 .rodata.denominator.11892
                0x000000000800a538        0x8 ./Drivers/STM32H7xx_HAL_Driver/Src/stm32h7xx_hal_uart_ex.o
                0x000000000800a540                . = ALIGN (0x4)

.ARM.extab
 *(.ARM.extab* .gnu.linkonce.armextab.*)

.ARM            0x000000000800a540        0x8
                0x000000000800a540                __exidx_start = .
 *(.ARM.exidx*)
 .ARM.exidx     0x000000000800a540        0x8 c:/st/stm32cubeide_1.6.1/stm32cubeide/plugins/com.st.stm32cube.ide.mcu.externaltools.gnu-tools-for-stm32.9-2020-q2-update.win32_2.0.0.202105311346/tools/bin/../lib/gcc/arm-none-eabi/9.3.1/thumb/v7e-m+dp/hard\libgcc.a(_udivmoddi4.o)
                0x000000000800a548                __exidx_end = .

.rel.dyn        0x000000000800a548        0x0
 .rel.iplt      0x000000000800a548        0x0 c:/st/stm32cubeide_1.6.1/stm32cubeide/plugins/com.st.stm32cube.ide.mcu.externaltools.gnu-tools-for-stm32.9-2020-q2-update.win32_2.0.0.202105311346/tools/bin/../lib/gcc/arm-none-eabi/9.3.1/thumb/v7e-m+dp/hard/crtbegin.o

.preinit_array  0x000000000800a548        0x0
                0x000000000800a548                PROVIDE (__preinit_array_start = .)
 *(.preinit_array*)
                0x000000000800a548                PROVIDE (__preinit_array_end = .)

.init_array     0x000000000800a548        0x4
                0x000000000800a548                PROVIDE (__init_array_start = .)
 *(SORT_BY_NAME(.init_array.*))
 *(.init_array*)
 .init_array    0x000000000800a548        0x4 c:/st/stm32cubeide_1.6.1/stm32cubeide/plugins/com.st.stm32cube.ide.mcu.externaltools.gnu-tools-for-stm32.9-2020-q2-update.win32_2.0.0.202105311346/tools/bin/../lib/gcc/arm-none-eabi/9.3.1/thumb/v7e-m+dp/hard/crtbegin.o
                0x000000000800a54c                PROVIDE (__init_array_end = .)

.fini_array     0x000000000800a54c        0x4
                [!provide]                        PROVIDE (__fini_array_start = .)
 *(SORT_BY_NAME(.fini_array.*))
 *(.fini_array*)
 .fini_array    0x000000000800a54c        0x4 c:/st/stm32cubeide_1.6.1/stm32cubeide/plugins/com.st.stm32cube.ide.mcu.externaltools.gnu-tools-for-stm32.9-2020-q2-update.win32_2.0.0.202105311346/tools/bin/../lib/gcc/arm-none-eabi/9.3.1/thumb/v7e-m+dp/hard/crtbegin.o
                [!provide]                        PROVIDE (__fini_array_end = .)
                0x000000000800a550                _sidata = LOADADDR (.data)

.data           0x0000000024000000       0x10 load address 0x000000000800a550
                0x0000000024000000                . = ALIGN (0x4)
                0x0000000024000000                _sdata = .
 *(.data)
 *(.data*)
 .data.SystemCoreClock
                0x0000000024000000        0x4 ./Core/Src/system_stm32h7xx.o
                0x0000000024000000                SystemCoreClock
 .data.SystemD2Clock
                0x0000000024000004        0x4 ./Core/Src/system_stm32h7xx.o
                0x0000000024000004                SystemD2Clock
 .data.uwTickPrio
                0x0000000024000008        0x4 ./Drivers/STM32H7xx_HAL_Driver/Src/stm32h7xx_hal.o
                0x0000000024000008                uwTickPrio
 .data.uwTickFreq
                0x000000002400000c        0x1 ./Drivers/STM32H7xx_HAL_Driver/Src/stm32h7xx_hal.o
                0x000000002400000c                uwTickFreq
 *(.RamFunc)
 *(.RamFunc*)
                0x0000000024000010                . = ALIGN (0x4)
 *fill*         0x000000002400000d        0x3 
                0x0000000024000010                _edata = .

.igot.plt       0x0000000024000010        0x0 load address 0x000000000800a560
 .igot.plt      0x0000000024000010        0x0 c:/st/stm32cubeide_1.6.1/stm32cubeide/plugins/com.st.stm32cube.ide.mcu.externaltools.gnu-tools-for-stm32.9-2020-q2-update.win32_2.0.0.202105311346/tools/bin/../lib/gcc/arm-none-eabi/9.3.1/thumb/v7e-m+dp/hard/crtbegin.o
                0x0000000024000010                . = ALIGN (0x4)

.bss            0x0000000024000010     0x8330 load address 0x000000000800a560
                0x0000000024000010                _sbss = .
                0x0000000024000010                __bss_start__ = _sbss
 *(.bss)
 .bss           0x0000000024000010       0x1c c:/st/stm32cubeide_1.6.1/stm32cubeide/plugins/com.st.stm32cube.ide.mcu.externaltools.gnu-tools-for-stm32.9-2020-q2-update.win32_2.0.0.202105311346/tools/bin/../lib/gcc/arm-none-eabi/9.3.1/thumb/v7e-m+dp/hard/crtbegin.o
 *(.bss*)
 .bss.HAL_RCC_ADC12_CLK_ENABLED
                0x000000002400002c        0x4 ./Core/Src/stm32h7xx_hal_msp.o
 *(COMMON)
 COMMON         0x0000000024000030        0x8 ./Core/Src/adc.o
                0x0000000024000030                adc2_avg
                0x0000000024000034                adc1_avg
 COMMON         0x0000000024000038     0x8304 ./Core/Src/main.o
                0x0000000024000038                hdac1
                0x000000002400004c                huart3
                0x00000000240000dc                hadc2
                0x0000000024000140                adc1_buf
                0x0000000024004140                arp_settings
                0x0000000024004150                hadc1
                0x00000000240041b4                hdma_adc1
                0x000000002400422c                htim1
                0x0000000024004278                adc2_buf
                0x0000000024008278                hdma_adc2
                0x00000000240082f0                htim16
 COMMON         0x000000002400833c        0x4 ./Drivers/STM32H7xx_HAL_Driver/Src/stm32h7xx_hal.o
                0x000000002400833c                uwTick
                0x0000000024008340                . = ALIGN (0x4)
                0x0000000024008340                _ebss = .
                0x0000000024008340                __bss_end__ = _ebss

._user_heap_stack
                0x0000000024008340      0x600 load address 0x000000000800a560
                0x0000000024008340                . = ALIGN (0x8)
                [!provide]                        PROVIDE (end = .)
                0x0000000024008340                PROVIDE (_end = .)
                0x0000000024008540                . = (. + _Min_Heap_Size)
 *fill*         0x0000000024008340      0x200 
                0x0000000024008940                . = (. + _Min_Stack_Size)
 *fill*         0x0000000024008540      0x400 
                0x0000000024008940                . = ALIGN (0x8)

/DISCARD/
 libc.a(*)
 libm.a(*)
 libgcc.a(*)

.ARM.attributes
                0x0000000000000000       0x2e
 *(.ARM.attributes)
 .ARM.attributes
                0x0000000000000000       0x1e c:/st/stm32cubeide_1.6.1/stm32cubeide/plugins/com.st.stm32cube.ide.mcu.externaltools.gnu-tools-for-stm32.9-2020-q2-update.win32_2.0.0.202105311346/tools/bin/../lib/gcc/arm-none-eabi/9.3.1/thumb/v7e-m+dp/hard/crti.o
 .ARM.attributes
                0x000000000000001e       0x32 c:/st/stm32cubeide_1.6.1/stm32cubeide/plugins/com.st.stm32cube.ide.mcu.externaltools.gnu-tools-for-stm32.9-2020-q2-update.win32_2.0.0.202105311346/tools/bin/../lib/gcc/arm-none-eabi/9.3.1/thumb/v7e-m+dp/hard/crtbegin.o
 .ARM.attributes
                0x0000000000000050       0x32 ./Core/Src/adc.o
 .ARM.attributes
                0x0000000000000082       0x32 ./Core/Src/arp.o
 .ARM.attributes
                0x00000000000000b4       0x32 ./Core/Src/main.o
 .ARM.attributes
                0x00000000000000e6       0x32 ./Core/Src/stm32h7xx_hal_msp.o
 .ARM.attributes
                0x0000000000000118       0x32 ./Core/Src/stm32h7xx_it.o
 .ARM.attributes
                0x000000000000014a       0x32 ./Core/Src/system_stm32h7xx.o
 .ARM.attributes
                0x000000000000017c       0x32 ./Core/Src/tim.o
 .ARM.attributes
                0x00000000000001ae       0x21 ./Core/Startup/startup_stm32h7a3zitxq.o
 .ARM.attributes
                0x00000000000001cf       0x32 ./Drivers/STM32H7xx_HAL_Driver/Src/stm32h7xx_hal.o
 .ARM.attributes
                0x0000000000000201       0x32 ./Drivers/STM32H7xx_HAL_Driver/Src/stm32h7xx_hal_adc.o
 .ARM.attributes
                0x0000000000000233       0x32 ./Drivers/STM32H7xx_HAL_Driver/Src/stm32h7xx_hal_adc_ex.o
 .ARM.attributes
                0x0000000000000265       0x32 ./Drivers/STM32H7xx_HAL_Driver/Src/stm32h7xx_hal_cortex.o
 .ARM.attributes
                0x0000000000000297       0x32 ./Drivers/STM32H7xx_HAL_Driver/Src/stm32h7xx_hal_dac.o
 .ARM.attributes
                0x00000000000002c9       0x32 ./Drivers/STM32H7xx_HAL_Driver/Src/stm32h7xx_hal_dma.o
 .ARM.attributes
                0x00000000000002fb       0x32 ./Drivers/STM32H7xx_HAL_Driver/Src/stm32h7xx_hal_gpio.o
 .ARM.attributes
                0x000000000000032d       0x32 ./Drivers/STM32H7xx_HAL_Driver/Src/stm32h7xx_hal_pwr_ex.o
 .ARM.attributes
                0x000000000000035f       0x32 ./Drivers/STM32H7xx_HAL_Driver/Src/stm32h7xx_hal_rcc.o
 .ARM.attributes
                0x0000000000000391       0x32 ./Drivers/STM32H7xx_HAL_Driver/Src/stm32h7xx_hal_rcc_ex.o
 .ARM.attributes
                0x00000000000003c3       0x32 ./Drivers/STM32H7xx_HAL_Driver/Src/stm32h7xx_hal_tim.o
 .ARM.attributes
                0x00000000000003f5       0x32 ./Drivers/STM32H7xx_HAL_Driver/Src/stm32h7xx_hal_tim_ex.o
 .ARM.attributes
                0x0000000000000427       0x32 ./Drivers/STM32H7xx_HAL_Driver/Src/stm32h7xx_hal_uart.o
 .ARM.attributes
                0x0000000000000459       0x32 ./Drivers/STM32H7xx_HAL_Driver/Src/stm32h7xx_hal_uart_ex.o
 .ARM.attributes
                0x000000000000048b       0x32 c:/st/stm32cubeide_1.6.1/stm32cubeide/plugins/com.st.stm32cube.ide.mcu.externaltools.gnu-tools-for-stm32.9-2020-q2-update.win32_2.0.0.202105311346/tools/bin/../lib/gcc/arm-none-eabi/9.3.1/../../../../arm-none-eabi/lib/thumb/v7e-m+dp/hard\libc_nano.a(lib_a-init.o)
 .ARM.attributes
                0x00000000000004bd       0x32 c:/st/stm32cubeide_1.6.1/stm32cubeide/plugins/com.st.stm32cube.ide.mcu.externaltools.gnu-tools-for-stm32.9-2020-q2-update.win32_2.0.0.202105311346/tools/bin/../lib/gcc/arm-none-eabi/9.3.1/../../../../arm-none-eabi/lib/thumb/v7e-m+dp/hard\libc_nano.a(lib_a-memset.o)
 .ARM.attributes
                0x00000000000004ef       0x1e c:/st/stm32cubeide_1.6.1/stm32cubeide/plugins/com.st.stm32cube.ide.mcu.externaltools.gnu-tools-for-stm32.9-2020-q2-update.win32_2.0.0.202105311346/tools/bin/../lib/gcc/arm-none-eabi/9.3.1/thumb/v7e-m+dp/hard\libgcc.a(_aeabi_uldivmod.o)
 .ARM.attributes
                0x000000000000050d       0x32 c:/st/stm32cubeide_1.6.1/stm32cubeide/plugins/com.st.stm32cube.ide.mcu.externaltools.gnu-tools-for-stm32.9-2020-q2-update.win32_2.0.0.202105311346/tools/bin/../lib/gcc/arm-none-eabi/9.3.1/thumb/v7e-m+dp/hard\libgcc.a(_udivmoddi4.o)
 .ARM.attributes
                0x000000000000053f       0x1e c:/st/stm32cubeide_1.6.1/stm32cubeide/plugins/com.st.stm32cube.ide.mcu.externaltools.gnu-tools-for-stm32.9-2020-q2-update.win32_2.0.0.202105311346/tools/bin/../lib/gcc/arm-none-eabi/9.3.1/thumb/v7e-m+dp/hard\libgcc.a(_dvmd_tls.o)
 .ARM.attributes
                0x000000000000055d       0x1e c:/st/stm32cubeide_1.6.1/stm32cubeide/plugins/com.st.stm32cube.ide.mcu.externaltools.gnu-tools-for-stm32.9-2020-q2-update.win32_2.0.0.202105311346/tools/bin/../lib/gcc/arm-none-eabi/9.3.1/thumb/v7e-m+dp/hard/crtn.o
OUTPUT(arpeggiator.elf elf32-littlearm)
LOAD linker stubs
LOAD c:/st/stm32cubeide_1.6.1/stm32cubeide/plugins/com.st.stm32cube.ide.mcu.externaltools.gnu-tools-for-stm32.9-2020-q2-update.win32_2.0.0.202105311346/tools/bin/../lib/gcc/arm-none-eabi/9.3.1/../../../../arm-none-eabi/lib/thumb/v7e-m+dp/hard\libc.a
LOAD c:/st/stm32cubeide_1.6.1/stm32cubeide/plugins/com.st.stm32cube.ide.mcu.externaltools.gnu-tools-for-stm32.9-2020-q2-update.win32_2.0.0.202105311346/tools/bin/../lib/gcc/arm-none-eabi/9.3.1/../../../../arm-none-eabi/lib/thumb/v7e-m+dp/hard\libm.a
LOAD c:/st/stm32cubeide_1.6.1/stm32cubeide/plugins/com.st.stm32cube.ide.mcu.externaltools.gnu-tools-for-stm32.9-2020-q2-update.win32_2.0.0.202105311346/tools/bin/../lib/gcc/arm-none-eabi/9.3.1/thumb/v7e-m+dp/hard\libgcc.a

.debug_info     0x0000000000000000    0x26f1e
 .debug_info    0x0000000000000000     0x1507 ./Core/Src/adc.o
 .debug_info    0x0000000000001507      0xe8f ./Core/Src/arp.o
 .debug_info    0x0000000000002396     0x31e6 ./Core/Src/main.o
 .debug_info    0x000000000000557c     0x273d ./Core/Src/stm32h7xx_hal_msp.o
 .debug_info    0x0000000000007cb9      0xf4e ./Core/Src/stm32h7xx_it.o
 .debug_info    0x0000000000008c07     0x170a ./Core/Src/system_stm32h7xx.o
 .debug_info    0x000000000000a311     0x125c ./Core/Src/tim.o
 .debug_info    0x000000000000b56d       0x22 ./Core/Startup/startup_stm32h7a3zitxq.o
 .debug_info    0x000000000000b58f     0x1e3c ./Drivers/STM32H7xx_HAL_Driver/Src/stm32h7xx_hal.o
 .debug_info    0x000000000000d3cb     0x2879 ./Drivers/STM32H7xx_HAL_Driver/Src/stm32h7xx_hal_adc.o
 .debug_info    0x000000000000fc44     0x29b9 ./Drivers/STM32H7xx_HAL_Driver/Src/stm32h7xx_hal_adc_ex.o
 .debug_info    0x00000000000125fd     0x1bf5 ./Drivers/STM32H7xx_HAL_Driver/Src/stm32h7xx_hal_cortex.o
 .debug_info    0x00000000000141f2     0x161f ./Drivers/STM32H7xx_HAL_Driver/Src/stm32h7xx_hal_dac.o
 .debug_info    0x0000000000015811     0x167d ./Drivers/STM32H7xx_HAL_Driver/Src/stm32h7xx_hal_dma.o
 .debug_info    0x0000000000016e8e     0x16a5 ./Drivers/STM32H7xx_HAL_Driver/Src/stm32h7xx_hal_gpio.o
 .debug_info    0x0000000000018533     0x1a62 ./Drivers/STM32H7xx_HAL_Driver/Src/stm32h7xx_hal_pwr_ex.o
 .debug_info    0x0000000000019f95     0x19a3 ./Drivers/STM32H7xx_HAL_Driver/Src/stm32h7xx_hal_rcc.o
 .debug_info    0x000000000001b938     0x1cf1 ./Drivers/STM32H7xx_HAL_Driver/Src/stm32h7xx_hal_rcc_ex.o
 .debug_info    0x000000000001d629     0x3639 ./Drivers/STM32H7xx_HAL_Driver/Src/stm32h7xx_hal_tim.o
 .debug_info    0x0000000000020c62     0x21cf ./Drivers/STM32H7xx_HAL_Driver/Src/stm32h7xx_hal_tim_ex.o
 .debug_info    0x0000000000022e31     0x295f ./Drivers/STM32H7xx_HAL_Driver/Src/stm32h7xx_hal_uart.o
 .debug_info    0x0000000000025790     0x178e ./Drivers/STM32H7xx_HAL_Driver/Src/stm32h7xx_hal_uart_ex.o

.debug_abbrev   0x0000000000000000     0x3c50
 .debug_abbrev  0x0000000000000000      0x246 ./Core/Src/adc.o
 .debug_abbrev  0x0000000000000246      0x275 ./Core/Src/arp.o
 .debug_abbrev  0x00000000000004bb      0x360 ./Core/Src/main.o
 .debug_abbrev  0x000000000000081b      0x2b8 ./Core/Src/stm32h7xx_hal_msp.o
 .debug_abbrev  0x0000000000000ad3      0x1fe ./Core/Src/stm32h7xx_it.o
 .debug_abbrev  0x0000000000000cd1      0x262 ./Core/Src/system_stm32h7xx.o
 .debug_abbrev  0x0000000000000f33      0x20a ./Core/Src/tim.o
 .debug_abbrev  0x000000000000113d       0x12 ./Core/Startup/startup_stm32h7a3zitxq.o
 .debug_abbrev  0x000000000000114f      0x31b ./Drivers/STM32H7xx_HAL_Driver/Src/stm32h7xx_hal.o
 .debug_abbrev  0x000000000000146a      0x31b ./Drivers/STM32H7xx_HAL_Driver/Src/stm32h7xx_hal_adc.o
 .debug_abbrev  0x0000000000001785      0x361 ./Drivers/STM32H7xx_HAL_Driver/Src/stm32h7xx_hal_adc_ex.o
 .debug_abbrev  0x0000000000001ae6      0x409 ./Drivers/STM32H7xx_HAL_Driver/Src/stm32h7xx_hal_cortex.o
 .debug_abbrev  0x0000000000001eef      0x28d ./Drivers/STM32H7xx_HAL_Driver/Src/stm32h7xx_hal_dac.o
 .debug_abbrev  0x000000000000217c      0x2c1 ./Drivers/STM32H7xx_HAL_Driver/Src/stm32h7xx_hal_dma.o
 .debug_abbrev  0x000000000000243d      0x2cb ./Drivers/STM32H7xx_HAL_Driver/Src/stm32h7xx_hal_gpio.o
 .debug_abbrev  0x0000000000002708      0x33f ./Drivers/STM32H7xx_HAL_Driver/Src/stm32h7xx_hal_pwr_ex.o
 .debug_abbrev  0x0000000000002a47      0x322 ./Drivers/STM32H7xx_HAL_Driver/Src/stm32h7xx_hal_rcc.o
 .debug_abbrev  0x0000000000002d69      0x32e ./Drivers/STM32H7xx_HAL_Driver/Src/stm32h7xx_hal_rcc_ex.o
 .debug_abbrev  0x0000000000003097      0x2f9 ./Drivers/STM32H7xx_HAL_Driver/Src/stm32h7xx_hal_tim.o
 .debug_abbrev  0x0000000000003390      0x301 ./Drivers/STM32H7xx_HAL_Driver/Src/stm32h7xx_hal_tim_ex.o
 .debug_abbrev  0x0000000000003691      0x31a ./Drivers/STM32H7xx_HAL_Driver/Src/stm32h7xx_hal_uart.o
 .debug_abbrev  0x00000000000039ab      0x2a5 ./Drivers/STM32H7xx_HAL_Driver/Src/stm32h7xx_hal_uart_ex.o

.debug_aranges  0x0000000000000000     0x1620
 .debug_aranges
                0x0000000000000000       0x30 ./Core/Src/adc.o
 .debug_aranges
                0x0000000000000030       0x50 ./Core/Src/arp.o
 .debug_aranges
                0x0000000000000080       0x98 ./Core/Src/main.o
 .debug_aranges
                0x0000000000000118       0x60 ./Core/Src/stm32h7xx_hal_msp.o
 .debug_aranges
                0x0000000000000178       0x70 ./Core/Src/stm32h7xx_it.o
 .debug_aranges
                0x00000000000001e8       0x28 ./Core/Src/system_stm32h7xx.o
 .debug_aranges
                0x0000000000000210       0x20 ./Core/Src/tim.o
 .debug_aranges
                0x0000000000000230       0x28 ./Core/Startup/startup_stm32h7a3zitxq.o
 .debug_aranges
                0x0000000000000258      0x1a0 ./Drivers/STM32H7xx_HAL_Driver/Src/stm32h7xx_hal.o
 .debug_aranges
                0x00000000000003f8      0x228 ./Drivers/STM32H7xx_HAL_Driver/Src/stm32h7xx_hal_adc.o
 .debug_aranges
                0x0000000000000620      0x1d8 ./Drivers/STM32H7xx_HAL_Driver/Src/stm32h7xx_hal_adc_ex.o
 .debug_aranges
                0x00000000000007f8      0x120 ./Drivers/STM32H7xx_HAL_Driver/Src/stm32h7xx_hal_cortex.o
 .debug_aranges
                0x0000000000000918       0xc0 ./Drivers/STM32H7xx_HAL_Driver/Src/stm32h7xx_hal_dac.o
 .debug_aranges
                0x00000000000009d8       0xa0 ./Drivers/STM32H7xx_HAL_Driver/Src/stm32h7xx_hal_dma.o
 .debug_aranges
                0x0000000000000a78       0x58 ./Drivers/STM32H7xx_HAL_Driver/Src/stm32h7xx_hal_gpio.o
 .debug_aranges
                0x0000000000000ad0      0x188 ./Drivers/STM32H7xx_HAL_Driver/Src/stm32h7xx_hal_pwr_ex.o
 .debug_aranges
                0x0000000000000c58       0x88 ./Drivers/STM32H7xx_HAL_Driver/Src/stm32h7xx_hal_rcc.o
 .debug_aranges
                0x0000000000000ce0       0xf0 ./Drivers/STM32H7xx_HAL_Driver/Src/stm32h7xx_hal_rcc_ex.o
 .debug_aranges
                0x0000000000000dd0      0x3e0 ./Drivers/STM32H7xx_HAL_Driver/Src/stm32h7xx_hal_tim.o
 .debug_aranges
                0x00000000000011b0      0x188 ./Drivers/STM32H7xx_HAL_Driver/Src/stm32h7xx_hal_tim_ex.o
 .debug_aranges
                0x0000000000001338      0x248 ./Drivers/STM32H7xx_HAL_Driver/Src/stm32h7xx_hal_uart.o
 .debug_aranges
                0x0000000000001580       0xa0 ./Drivers/STM32H7xx_HAL_Driver/Src/stm32h7xx_hal_uart_ex.o

.debug_ranges   0x0000000000000000     0x14f8
 .debug_ranges  0x0000000000000000       0x20 ./Core/Src/adc.o
 .debug_ranges  0x0000000000000020       0x40 ./Core/Src/arp.o
 .debug_ranges  0x0000000000000060       0x88 ./Core/Src/main.o
 .debug_ranges  0x00000000000000e8       0x50 ./Core/Src/stm32h7xx_hal_msp.o
 .debug_ranges  0x0000000000000138       0x60 ./Core/Src/stm32h7xx_it.o
 .debug_ranges  0x0000000000000198       0x18 ./Core/Src/system_stm32h7xx.o
 .debug_ranges  0x00000000000001b0       0x10 ./Core/Src/tim.o
 .debug_ranges  0x00000000000001c0       0x20 ./Core/Startup/startup_stm32h7a3zitxq.o
 .debug_ranges  0x00000000000001e0      0x190 ./Drivers/STM32H7xx_HAL_Driver/Src/stm32h7xx_hal.o
 .debug_ranges  0x0000000000000370      0x218 ./Drivers/STM32H7xx_HAL_Driver/Src/stm32h7xx_hal_adc.o
 .debug_ranges  0x0000000000000588      0x1c8 ./Drivers/STM32H7xx_HAL_Driver/Src/stm32h7xx_hal_adc_ex.o
 .debug_ranges  0x0000000000000750      0x110 ./Drivers/STM32H7xx_HAL_Driver/Src/stm32h7xx_hal_cortex.o
 .debug_ranges  0x0000000000000860       0xb0 ./Drivers/STM32H7xx_HAL_Driver/Src/stm32h7xx_hal_dac.o
 .debug_ranges  0x0000000000000910       0x90 ./Drivers/STM32H7xx_HAL_Driver/Src/stm32h7xx_hal_dma.o
 .debug_ranges  0x00000000000009a0       0x48 ./Drivers/STM32H7xx_HAL_Driver/Src/stm32h7xx_hal_gpio.o
 .debug_ranges  0x00000000000009e8      0x178 ./Drivers/STM32H7xx_HAL_Driver/Src/stm32h7xx_hal_pwr_ex.o
 .debug_ranges  0x0000000000000b60       0x78 ./Drivers/STM32H7xx_HAL_Driver/Src/stm32h7xx_hal_rcc.o
 .debug_ranges  0x0000000000000bd8       0xe0 ./Drivers/STM32H7xx_HAL_Driver/Src/stm32h7xx_hal_rcc_ex.o
 .debug_ranges  0x0000000000000cb8      0x3d0 ./Drivers/STM32H7xx_HAL_Driver/Src/stm32h7xx_hal_tim.o
 .debug_ranges  0x0000000000001088      0x178 ./Drivers/STM32H7xx_HAL_Driver/Src/stm32h7xx_hal_tim_ex.o
 .debug_ranges  0x0000000000001200      0x268 ./Drivers/STM32H7xx_HAL_Driver/Src/stm32h7xx_hal_uart.o
 .debug_ranges  0x0000000000001468       0x90 ./Drivers/STM32H7xx_HAL_Driver/Src/stm32h7xx_hal_uart_ex.o

.debug_macro    0x0000000000000000    0x33756
 .debug_macro   0x0000000000000000      0x302 ./Core/Src/adc.o
 .debug_macro   0x0000000000000302      0xac0 ./Core/Src/adc.o
 .debug_macro   0x0000000000000dc2      0x244 ./Core/Src/adc.o
 .debug_macro   0x0000000000001006       0x2e ./Core/Src/adc.o
 .debug_macro   0x0000000000001034       0x42 ./Core/Src/adc.o
 .debug_macro   0x0000000000001076       0x22 ./Core/Src/adc.o
 .debug_macro   0x0000000000001098       0x8e ./Core/Src/adc.o
 .debug_macro   0x0000000000001126       0x51 ./Core/Src/adc.o
 .debug_macro   0x0000000000001177      0x103 ./Core/Src/adc.o
 .debug_macro   0x000000000000127a       0x6a ./Core/Src/adc.o
 .debug_macro   0x00000000000012e4      0x1df ./Core/Src/adc.o
 .debug_macro   0x00000000000014c3       0x1c ./Core/Src/adc.o
 .debug_macro   0x00000000000014df       0x22 ./Core/Src/adc.o
 .debug_macro   0x0000000000001501      0x101 ./Core/Src/adc.o
 .debug_macro   0x0000000000001602     0x1305 ./Core/Src/adc.o
 .debug_macro   0x0000000000002907      0x11f ./Core/Src/adc.o
 .debug_macro   0x0000000000002a26       0x27 ./Core/Src/adc.o
 .debug_macro   0x0000000000002a4d    0x1e848 ./Core/Src/adc.o
 .debug_macro   0x0000000000021295       0x43 ./Core/Src/adc.o
 .debug_macro   0x00000000000212d8     0x3cda ./Core/Src/adc.o
 .debug_macro   0x0000000000024fb2      0x174 ./Core/Src/adc.o
 .debug_macro   0x0000000000025126       0x52 ./Core/Src/adc.o
 .debug_macro   0x0000000000025178       0x17 ./Core/Src/adc.o
 .debug_macro   0x000000000002518f       0x3c ./Core/Src/adc.o
 .debug_macro   0x00000000000251cb       0x34 ./Core/Src/adc.o
 .debug_macro   0x00000000000251ff       0x16 ./Core/Src/adc.o
 .debug_macro   0x0000000000025215       0x43 ./Core/Src/adc.o
 .debug_macro   0x0000000000025258       0x34 ./Core/Src/adc.o
 .debug_macro   0x000000000002528c       0x10 ./Core/Src/adc.o
 .debug_macro   0x000000000002529c       0x58 ./Core/Src/adc.o
 .debug_macro   0x00000000000252f4       0x71 ./Core/Src/adc.o
 .debug_macro   0x0000000000025365       0x1c ./Core/Src/adc.o
 .debug_macro   0x0000000000025381      0x12a ./Core/Src/adc.o
 .debug_macro   0x00000000000254ab      0x333 ./Core/Src/adc.o
 .debug_macro   0x00000000000257de      0x1a9 ./Core/Src/adc.o
 .debug_macro   0x0000000000025987       0x5d ./Core/Src/adc.o
 .debug_macro   0x00000000000259e4     0x24ee ./Core/Src/adc.o
 .debug_macro   0x0000000000027ed2     0x1010 ./Core/Src/adc.o
 .debug_macro   0x0000000000028ee2      0x14d ./Core/Src/adc.o
 .debug_macro   0x000000000002902f      0x117 ./Core/Src/adc.o
 .debug_macro   0x0000000000029146      0x3bf ./Core/Src/adc.o
 .debug_macro   0x0000000000029505       0x27 ./Core/Src/adc.o
 .debug_macro   0x000000000002952c      0x70a ./Core/Src/adc.o
 .debug_macro   0x0000000000029c36      0x20d ./Core/Src/adc.o
 .debug_macro   0x0000000000029e43       0x66 ./Core/Src/adc.o
 .debug_macro   0x0000000000029ea9      0x3c9 ./Core/Src/adc.o
 .debug_macro   0x000000000002a272      0x3ec ./Core/Src/adc.o
 .debug_macro   0x000000000002a65e      0x275 ./Core/Src/adc.o
 .debug_macro   0x000000000002a8d3     0x102f ./Core/Src/adc.o
 .debug_macro   0x000000000002b902      0x6be ./Core/Src/adc.o
 .debug_macro   0x000000000002bfc0      0x359 ./Core/Src/adc.o
 .debug_macro   0x000000000002c319      0x17d ./Core/Src/adc.o
 .debug_macro   0x000000000002c496       0xd8 ./Core/Src/adc.o
 .debug_macro   0x000000000002c56e      0x6c9 ./Core/Src/adc.o
 .debug_macro   0x000000000002cc37      0x520 ./Core/Src/adc.o
 .debug_macro   0x000000000002d157       0x58 ./Core/Src/adc.o
 .debug_macro   0x000000000002d1af       0x4a ./Core/Src/adc.o
 .debug_macro   0x000000000002d1f9      0x22c ./Core/Src/adc.o
 .debug_macro   0x000000000002d425       0x67 ./Core/Src/adc.o
 .debug_macro   0x000000000002d48c       0xa5 ./Core/Src/adc.o
 .debug_macro   0x000000000002d531      0x1be ./Core/Src/adc.o
 .debug_macro   0x000000000002d6ef      0x2dd ./Core/Src/adc.o
 .debug_macro   0x000000000002d9cc       0x35 ./Core/Src/adc.o
 .debug_macro   0x000000000002da01      0xad7 ./Core/Src/adc.o
 .debug_macro   0x000000000002e4d8      0x2a0 ./Core/Src/adc.o
 .debug_macro   0x000000000002e778      0x67e ./Core/Src/adc.o
 .debug_macro   0x000000000002edf6       0xa6 ./Core/Src/adc.o
 .debug_macro   0x000000000002ee9c      0x5be ./Core/Src/adc.o
 .debug_macro   0x000000000002f45a       0xc4 ./Core/Src/adc.o
 .debug_macro   0x000000000002f51e      0x308 ./Core/Src/arp.o
 .debug_macro   0x000000000002f826      0x425 ./Core/Src/main.o
 .debug_macro   0x000000000002fc4b       0x1c ./Core/Src/main.o
 .debug_macro   0x000000000002fc67       0x35 ./Core/Src/main.o
 .debug_macro   0x000000000002fc9c       0x10 ./Core/Src/main.o
 .debug_macro   0x000000000002fcac       0x10 ./Core/Src/main.o
 .debug_macro   0x000000000002fcbc       0x1c ./Core/Src/main.o
 .debug_macro   0x000000000002fcd8       0x52 ./Core/Src/main.o
 .debug_macro   0x000000000002fd2a       0x22 ./Core/Src/main.o
 .debug_macro   0x000000000002fd4c       0x10 ./Core/Src/main.o
 .debug_macro   0x000000000002fd5c       0x40 ./Core/Src/main.o
 .debug_macro   0x000000000002fd9c       0xd5 ./Core/Src/main.o
 .debug_macro   0x000000000002fe71       0x1c ./Core/Src/main.o
 .debug_macro   0x000000000002fe8d       0x3d ./Core/Src/main.o
 .debug_macro   0x000000000002feca       0x16 ./Core/Src/main.o
 .debug_macro   0x000000000002fee0      0x145 ./Core/Src/main.o
 .debug_macro   0x0000000000030025       0x16 ./Core/Src/main.o
 .debug_macro   0x000000000003003b       0x10 ./Core/Src/main.o
 .debug_macro   0x000000000003004b       0x10 ./Core/Src/main.o
 .debug_macro   0x000000000003005b       0x35 ./Core/Src/main.o
 .debug_macro   0x0000000000030090      0x12c ./Core/Src/main.o
 .debug_macro   0x00000000000301bc      0x2ee ./Core/Src/stm32h7xx_hal_msp.o
 .debug_macro   0x00000000000304aa      0x2f8 ./Core/Src/stm32h7xx_it.o
 .debug_macro   0x00000000000307a2      0x2e5 ./Core/Src/system_stm32h7xx.o
 .debug_macro   0x0000000000030a87      0x2f8 ./Core/Src/tim.o
 .debug_macro   0x0000000000030d7f      0x309 ./Drivers/STM32H7xx_HAL_Driver/Src/stm32h7xx_hal.o
 .debug_macro   0x0000000000031088      0x303 ./Drivers/STM32H7xx_HAL_Driver/Src/stm32h7xx_hal_adc.o
 .debug_macro   0x000000000003138b      0x2eb ./Drivers/STM32H7xx_HAL_Driver/Src/stm32h7xx_hal_adc_ex.o
 .debug_macro   0x0000000000031676      0x2df ./Drivers/STM32H7xx_HAL_Driver/Src/stm32h7xx_hal_cortex.o
 .debug_macro   0x0000000000031955      0x2e7 ./Drivers/STM32H7xx_HAL_Driver/Src/stm32h7xx_hal_dac.o
 .debug_macro   0x0000000000031c3c      0x333 ./Drivers/STM32H7xx_HAL_Driver/Src/stm32h7xx_hal_dma.o
 .debug_macro   0x0000000000031f6f      0x31b ./Drivers/STM32H7xx_HAL_Driver/Src/stm32h7xx_hal_gpio.o
 .debug_macro   0x000000000003228a      0x318 ./Drivers/STM32H7xx_HAL_Driver/Src/stm32h7xx_hal_pwr_ex.o
 .debug_macro   0x00000000000325a2      0x303 ./Drivers/STM32H7xx_HAL_Driver/Src/stm32h7xx_hal_rcc.o
 .debug_macro   0x00000000000328a5      0x2fd ./Drivers/STM32H7xx_HAL_Driver/Src/stm32h7xx_hal_rcc_ex.o
 .debug_macro   0x0000000000032ba2      0x2e0 ./Drivers/STM32H7xx_HAL_Driver/Src/stm32h7xx_hal_tim.o
 .debug_macro   0x0000000000032e82      0x2df ./Drivers/STM32H7xx_HAL_Driver/Src/stm32h7xx_hal_tim_ex.o
 .debug_macro   0x0000000000033161      0x30a ./Drivers/STM32H7xx_HAL_Driver/Src/stm32h7xx_hal_uart.o
 .debug_macro   0x000000000003346b      0x2eb ./Drivers/STM32H7xx_HAL_Driver/Src/stm32h7xx_hal_uart_ex.o

.debug_line     0x0000000000000000    0x1b7a8
 .debug_line    0x0000000000000000      0x9ef ./Core/Src/adc.o
 .debug_line    0x00000000000009ef      0xa31 ./Core/Src/arp.o
 .debug_line    0x0000000000001420      0xde1 ./Core/Src/main.o
 .debug_line    0x0000000000002201      0xac6 ./Core/Src/stm32h7xx_hal_msp.o
 .debug_line    0x0000000000002cc7      0x9c5 ./Core/Src/stm32h7xx_it.o
 .debug_line    0x000000000000368c      0xa7e ./Core/Src/system_stm32h7xx.o
 .debug_line    0x000000000000410a      0x8cc ./Core/Src/tim.o
 .debug_line    0x00000000000049d6       0x89 ./Core/Startup/startup_stm32h7a3zitxq.o
 .debug_line    0x0000000000004a5f      0xe8d ./Drivers/STM32H7xx_HAL_Driver/Src/stm32h7xx_hal.o
 .debug_line    0x00000000000058ec     0x20d5 ./Drivers/STM32H7xx_HAL_Driver/Src/stm32h7xx_hal_adc.o
 .debug_line    0x00000000000079c1     0x1d9f ./Drivers/STM32H7xx_HAL_Driver/Src/stm32h7xx_hal_adc_ex.o
 .debug_line    0x0000000000009760      0xe86 ./Drivers/STM32H7xx_HAL_Driver/Src/stm32h7xx_hal_cortex.o
 .debug_line    0x000000000000a5e6      0xda8 ./Drivers/STM32H7xx_HAL_Driver/Src/stm32h7xx_hal_dac.o
 .debug_line    0x000000000000b38e     0x28f1 ./Drivers/STM32H7xx_HAL_Driver/Src/stm32h7xx_hal_dma.o
 .debug_line    0x000000000000dc7f      0xd4b ./Drivers/STM32H7xx_HAL_Driver/Src/stm32h7xx_hal_gpio.o
 .debug_line    0x000000000000e9ca     0x100e ./Drivers/STM32H7xx_HAL_Driver/Src/stm32h7xx_hal_pwr_ex.o
 .debug_line    0x000000000000f9d8     0x136f ./Drivers/STM32H7xx_HAL_Driver/Src/stm32h7xx_hal_rcc.o
 .debug_line    0x0000000000010d47     0x1ab8 ./Drivers/STM32H7xx_HAL_Driver/Src/stm32h7xx_hal_rcc_ex.o
 .debug_line    0x00000000000127ff     0x3e51 ./Drivers/STM32H7xx_HAL_Driver/Src/stm32h7xx_hal_tim.o
 .debug_line    0x0000000000016650     0x1dbb ./Drivers/STM32H7xx_HAL_Driver/Src/stm32h7xx_hal_tim_ex.o
 .debug_line    0x000000000001840b     0x252f ./Drivers/STM32H7xx_HAL_Driver/Src/stm32h7xx_hal_uart.o
 .debug_line    0x000000000001a93a      0xe6e ./Drivers/STM32H7xx_HAL_Driver/Src/stm32h7xx_hal_uart_ex.o

.debug_str      0x0000000000000000   0x155cd9
 .debug_str     0x0000000000000000   0x14ceac ./Core/Src/adc.o
                                     0x14d6bc (size before relaxing)
 .debug_str     0x000000000014ceac      0x29c ./Core/Src/arp.o
                                     0x14d2e1 (size before relaxing)
 .debug_str     0x000000000014d148     0x2be8 ./Core/Src/main.o
                                     0x1506e0 (size before relaxing)
 .debug_str     0x000000000014fd30      0x102 ./Core/Src/stm32h7xx_hal_msp.o
                                     0x14e315 (size before relaxing)
 .debug_str     0x000000000014fe32       0xed ./Core/Src/stm32h7xx_it.o
                                     0x14d3de (size before relaxing)
 .debug_str     0x000000000014ff1f      0x2fc ./Core/Src/system_stm32h7xx.o
                                     0x14d256 (size before relaxing)
 .debug_str     0x000000000015021b       0x1b ./Core/Src/tim.o
                                     0x14d638 (size before relaxing)
 .debug_str     0x0000000000150236       0x37 ./Core/Startup/startup_stm32h7a3zitxq.o
                                         0x76 (size before relaxing)
 .debug_str     0x000000000015026d      0x747 ./Drivers/STM32H7xx_HAL_Driver/Src/stm32h7xx_hal.o
                                     0x14e025 (size before relaxing)
 .debug_str     0x00000000001509b4      0xa0f ./Drivers/STM32H7xx_HAL_Driver/Src/stm32h7xx_hal_adc.o
                                     0x14de5e (size before relaxing)
 .debug_str     0x00000000001513c3      0x898 ./Drivers/STM32H7xx_HAL_Driver/Src/stm32h7xx_hal_adc_ex.o
                                     0x14df45 (size before relaxing)
 .debug_str     0x0000000000151c5b      0x398 ./Drivers/STM32H7xx_HAL_Driver/Src/stm32h7xx_hal_cortex.o
                                     0x14db3a (size before relaxing)
 .debug_str     0x0000000000151ff3      0x1e6 ./Drivers/STM32H7xx_HAL_Driver/Src/stm32h7xx_hal_dac.o
                                     0x14d45c (size before relaxing)
 .debug_str     0x00000000001521d9      0x8de ./Drivers/STM32H7xx_HAL_Driver/Src/stm32h7xx_hal_dma.o
                                     0x14d944 (size before relaxing)
 .debug_str     0x0000000000152ab7      0x1ff ./Drivers/STM32H7xx_HAL_Driver/Src/stm32h7xx_hal_gpio.o
                                     0x14d2ec (size before relaxing)
 .debug_str     0x0000000000152cb6      0x73b ./Drivers/STM32H7xx_HAL_Driver/Src/stm32h7xx_hal_pwr_ex.o
                                     0x14d77e (size before relaxing)
 .debug_str     0x00000000001533f1      0x26c ./Drivers/STM32H7xx_HAL_Driver/Src/stm32h7xx_hal_rcc.o
                                     0x14d5cc (size before relaxing)
 .debug_str     0x000000000015365d      0x63d ./Drivers/STM32H7xx_HAL_Driver/Src/stm32h7xx_hal_rcc_ex.o
                                     0x14da39 (size before relaxing)
 .debug_str     0x0000000000153c9a      0xdba ./Drivers/STM32H7xx_HAL_Driver/Src/stm32h7xx_hal_tim.o
                                     0x14e2bc (size before relaxing)
 .debug_str     0x0000000000154a54      0x5fb ./Drivers/STM32H7xx_HAL_Driver/Src/stm32h7xx_hal_tim_ex.o
                                     0x14dba9 (size before relaxing)
 .debug_str     0x000000000015504f      0x9aa ./Drivers/STM32H7xx_HAL_Driver/Src/stm32h7xx_hal_uart.o
                                     0x14dfa6 (size before relaxing)
 .debug_str     0x00000000001559f9      0x2e0 ./Drivers/STM32H7xx_HAL_Driver/Src/stm32h7xx_hal_uart_ex.o
                                     0x14d5ad (size before relaxing)

.comment        0x0000000000000000       0x53
 .comment       0x0000000000000000       0x53 ./Core/Src/adc.o
                                         0x54 (size before relaxing)
 .comment       0x0000000000000053       0x54 ./Core/Src/arp.o
 .comment       0x0000000000000053       0x54 ./Core/Src/main.o
 .comment       0x0000000000000053       0x54 ./Core/Src/stm32h7xx_hal_msp.o
 .comment       0x0000000000000053       0x54 ./Core/Src/stm32h7xx_it.o
 .comment       0x0000000000000053       0x54 ./Core/Src/system_stm32h7xx.o
 .comment       0x0000000000000053       0x54 ./Core/Src/tim.o
 .comment       0x0000000000000053       0x54 ./Drivers/STM32H7xx_HAL_Driver/Src/stm32h7xx_hal.o
 .comment       0x0000000000000053       0x54 ./Drivers/STM32H7xx_HAL_Driver/Src/stm32h7xx_hal_adc.o
 .comment       0x0000000000000053       0x54 ./Drivers/STM32H7xx_HAL_Driver/Src/stm32h7xx_hal_adc_ex.o
 .comment       0x0000000000000053       0x54 ./Drivers/STM32H7xx_HAL_Driver/Src/stm32h7xx_hal_cortex.o
 .comment       0x0000000000000053       0x54 ./Drivers/STM32H7xx_HAL_Driver/Src/stm32h7xx_hal_dac.o
 .comment       0x0000000000000053       0x54 ./Drivers/STM32H7xx_HAL_Driver/Src/stm32h7xx_hal_dma.o
 .comment       0x0000000000000053       0x54 ./Drivers/STM32H7xx_HAL_Driver/Src/stm32h7xx_hal_gpio.o
 .comment       0x0000000000000053       0x54 ./Drivers/STM32H7xx_HAL_Driver/Src/stm32h7xx_hal_pwr_ex.o
 .comment       0x0000000000000053       0x54 ./Drivers/STM32H7xx_HAL_Driver/Src/stm32h7xx_hal_rcc.o
 .comment       0x0000000000000053       0x54 ./Drivers/STM32H7xx_HAL_Driver/Src/stm32h7xx_hal_rcc_ex.o
 .comment       0x0000000000000053       0x54 ./Drivers/STM32H7xx_HAL_Driver/Src/stm32h7xx_hal_tim.o
 .comment       0x0000000000000053       0x54 ./Drivers/STM32H7xx_HAL_Driver/Src/stm32h7xx_hal_tim_ex.o
 .comment       0x0000000000000053       0x54 ./Drivers/STM32H7xx_HAL_Driver/Src/stm32h7xx_hal_uart.o
 .comment       0x0000000000000053       0x54 ./Drivers/STM32H7xx_HAL_Driver/Src/stm32h7xx_hal_uart_ex.o

.debug_frame    0x0000000000000000     0x5f1c
 .debug_frame   0x0000000000000000       0x7c ./Core/Src/adc.o
 .debug_frame   0x000000000000007c      0x120 ./Core/Src/arp.o
 .debug_frame   0x000000000000019c      0x234 ./Core/Src/main.o
 .debug_frame   0x00000000000003d0      0x15c ./Core/Src/stm32h7xx_hal_msp.o
 .debug_frame   0x000000000000052c      0x13c ./Core/Src/stm32h7xx_it.o
 .debug_frame   0x0000000000000668       0x58 ./Core/Src/system_stm32h7xx.o
 .debug_frame   0x00000000000006c0       0x34 ./Core/Src/tim.o
 .debug_frame   0x00000000000006f4      0x6a8 ./Drivers/STM32H7xx_HAL_Driver/Src/stm32h7xx_hal.o
 .debug_frame   0x0000000000000d9c      0xa28 ./Drivers/STM32H7xx_HAL_Driver/Src/stm32h7xx_hal_adc.o
 .debug_frame   0x00000000000017c4      0x88c ./Drivers/STM32H7xx_HAL_Driver/Src/stm32h7xx_hal_adc_ex.o
 .debug_frame   0x0000000000002050      0x4b8 ./Drivers/STM32H7xx_HAL_Driver/Src/stm32h7xx_hal_cortex.o
 .debug_frame   0x0000000000002508      0x338 ./Drivers/STM32H7xx_HAL_Driver/Src/stm32h7xx_hal_dac.o
 .debug_frame   0x0000000000002840      0x2b4 ./Drivers/STM32H7xx_HAL_Driver/Src/stm32h7xx_hal_dma.o
 .debug_frame   0x0000000000002af4      0x14c ./Drivers/STM32H7xx_HAL_Driver/Src/stm32h7xx_hal_gpio.o
 .debug_frame   0x0000000000002c40      0x660 ./Drivers/STM32H7xx_HAL_Driver/Src/stm32h7xx_hal_pwr_ex.o
 .debug_frame   0x00000000000032a0      0x1fc ./Drivers/STM32H7xx_HAL_Driver/Src/stm32h7xx_hal_rcc.o
 .debug_frame   0x000000000000349c      0x3cc ./Drivers/STM32H7xx_HAL_Driver/Src/stm32h7xx_hal_rcc_ex.o
 .debug_frame   0x0000000000003868     0x1218 ./Drivers/STM32H7xx_HAL_Driver/Src/stm32h7xx_hal_tim.o
 .debug_frame   0x0000000000004a80      0x6d8 ./Drivers/STM32H7xx_HAL_Driver/Src/stm32h7xx_hal_tim_ex.o
 .debug_frame   0x0000000000005158      0xa7c ./Drivers/STM32H7xx_HAL_Driver/Src/stm32h7xx_hal_uart.o
 .debug_frame   0x0000000000005bd4      0x29c ./Drivers/STM32H7xx_HAL_Driver/Src/stm32h7xx_hal_uart_ex.o
 .debug_frame   0x0000000000005e70       0x2c c:/st/stm32cubeide_1.6.1/stm32cubeide/plugins/com.st.stm32cube.ide.mcu.externaltools.gnu-tools-for-stm32.9-2020-q2-update.win32_2.0.0.202105311346/tools/bin/../lib/gcc/arm-none-eabi/9.3.1/../../../../arm-none-eabi/lib/thumb/v7e-m+dp/hard\libc_nano.a(lib_a-init.o)
 .debug_frame   0x0000000000005e9c       0x20 c:/st/stm32cubeide_1.6.1/stm32cubeide/plugins/com.st.stm32cube.ide.mcu.externaltools.gnu-tools-for-stm32.9-2020-q2-update.win32_2.0.0.202105311346/tools/bin/../lib/gcc/arm-none-eabi/9.3.1/../../../../arm-none-eabi/lib/thumb/v7e-m+dp/hard\libc_nano.a(lib_a-memset.o)
 .debug_frame   0x0000000000005ebc       0x2c c:/st/stm32cubeide_1.6.1/stm32cubeide/plugins/com.st.stm32cube.ide.mcu.externaltools.gnu-tools-for-stm32.9-2020-q2-update.win32_2.0.0.202105311346/tools/bin/../lib/gcc/arm-none-eabi/9.3.1/thumb/v7e-m+dp/hard\libgcc.a(_aeabi_uldivmod.o)
 .debug_frame   0x0000000000005ee8       0x34 c:/st/stm32cubeide_1.6.1/stm32cubeide/plugins/com.st.stm32cube.ide.mcu.externaltools.gnu-tools-for-stm32.9-2020-q2-update.win32_2.0.0.202105311346/tools/bin/../lib/gcc/arm-none-eabi/9.3.1/thumb/v7e-m+dp/hard\libgcc.a(_udivmoddi4.o)
