main.c:85:6:HAL_ADC_ConvHalfCpltCallback	16	static
main.c:90:6:HAL_ADC_ConvCpltCallback	16	static
main.c:94:6:HAL_TIM_PeriodElapsedCallback	16	static
main.c:107:5:main	8	static
main.c:165:6:SystemClock_Config	120	static
main.c:226:6:PeriphCommonClock_Config	192	static
main.c:253:13:MX_ADC1_Init	48	static
main.c:318:13:MX_ADC2_Init	40	static
main.c:375:13:MX_DAC1_Init	48	static
main.c:416:13:MX_TIM1_Init	40	static
main.c:463:13:MX_TIM16_Init	24	static
main.c:508:13:MX_USART3_UART_Init	8	static
main.c:556:13:MX_USB_OTG_HS_USB_Init	4	static
main.c:575:13:MX_DMA_Init	16	static
main.c:596:13:MX_GPIO_Init	64	static
main.c:682:6:Error_Handler	4	static,ignoring_inline_asm
